[1.869s] DEBUG:colcon:Command line arguments: ['/usr/bin/colcon', 'build']
[1.870s] DEBUG:colcon:Parsed command line arguments: Namespace(log_base=None, log_level=None, verb_name='build', build_base='build', install_base='install', merge_install=False, symlink_install=False, test_result_base=None, continue_on_error=False, executor='parallel', parallel_workers=4, event_handlers=None, ignore_user_meta=False, metas=['./colcon.meta'], base_paths=['.'], packages_ignore=None, packages_ignore_regex=None, paths=None, packages_up_to=None, packages_up_to_regex=None, packages_above=None, packages_above_and_dependencies=None, packages_above_depth=None, packages_select_by_dep=None, packages_skip_by_dep=None, packages_skip_up_to=None, packages_select_build_failed=False, packages_skip_build_finished=False, packages_select_test_failures=False, packages_skip_test_passed=False, packages_select=None, packages_skip=None, packages_select_regex=None, packages_skip_regex=None, packages_start=None, packages_end=None, allow_overriding=[], cmake_args=None, cmake_target=None, cmake_target_skip_unavailable=False, cmake_clean_cache=False, cmake_clean_first=False, cmake_force_configure=False, ament_cmake_args=None, catkin_cmake_args=None, catkin_skip_building_tests=False, mixin_files=None, mixin=None, verb_parser=<colcon_mixin.mixin.mixin_argument.MixinArgumentDecorator object at 0xffff9a40e8c0>, verb_extension=<colcon_core.verb.build.BuildVerb object at 0xffff9a583850>, main=<bound method BuildVerb.main of <colcon_core.verb.build.BuildVerb object at 0xffff9a583850>>, mixin_verb=('build',))
[4.176s] Level 1:colcon.colcon_core.package_discovery:discover_packages(colcon_meta) check parameters
[4.177s] Level 1:colcon.colcon_core.package_discovery:discover_packages(recursive) check parameters
[4.177s] Level 1:colcon.colcon_core.package_discovery:discover_packages(ignore) check parameters
[4.177s] Level 1:colcon.colcon_core.package_discovery:discover_packages(path) check parameters
[4.177s] Level 1:colcon.colcon_core.package_discovery:discover_packages(colcon_meta) discover
[4.177s] Level 1:colcon.colcon_core.package_discovery:discover_packages(recursive) discover
[4.178s] INFO:colcon.colcon_core.package_discovery:Crawling recursively for packages in '/home/nyp-bot/ydlidar_ros2_ws'
[4.178s] Level 1:colcon.colcon_core.package_identification:_identify(.) by extensions ['ignore', 'ignore_ament_install']
[4.179s] Level 1:colcon.colcon_core.package_identification:_identify(.) by extension 'ignore'
[4.179s] Level 1:colcon.colcon_core.package_identification:_identify(.) by extension 'ignore_ament_install'
[4.179s] Level 1:colcon.colcon_core.package_identification:_identify(.) by extensions ['colcon_pkg']
[4.179s] Level 1:colcon.colcon_core.package_identification:_identify(.) by extension 'colcon_pkg'
[4.179s] Level 1:colcon.colcon_core.package_identification:_identify(.) by extensions ['colcon_meta']
[4.179s] Level 1:colcon.colcon_core.package_identification:_identify(.) by extension 'colcon_meta'
[4.180s] Level 1:colcon.colcon_core.package_identification:_identify(.) by extensions ['ros']
[4.180s] Level 1:colcon.colcon_core.package_identification:_identify(.) by extension 'ros'
[4.265s] Level 1:colcon.colcon_core.package_identification:_identify(.) by extensions ['cmake', 'python']
[4.266s] Level 1:colcon.colcon_core.package_identification:_identify(.) by extension 'cmake'
[4.266s] Level 1:colcon.colcon_core.package_identification:_identify(.) by extension 'python'
[4.266s] Level 1:colcon.colcon_core.package_identification:_identify(.) by extensions ['python_setup_py']
[4.266s] Level 1:colcon.colcon_core.package_identification:_identify(.) by extension 'python_setup_py'
[4.267s] Level 1:colcon.colcon_core.package_identification:_identify(build) by extensions ['ignore', 'ignore_ament_install']
[4.267s] Level 1:colcon.colcon_core.package_identification:_identify(build) by extension 'ignore'
[4.268s] Level 1:colcon.colcon_core.package_identification:_identify(build) ignored
[4.268s] Level 1:colcon.colcon_core.package_identification:_identify(install) by extensions ['ignore', 'ignore_ament_install']
[4.269s] Level 1:colcon.colcon_core.package_identification:_identify(install) by extension 'ignore'
[4.269s] Level 1:colcon.colcon_core.package_identification:_identify(install) ignored
[4.270s] Level 1:colcon.colcon_core.package_identification:_identify(log) by extensions ['ignore', 'ignore_ament_install']
[4.270s] Level 1:colcon.colcon_core.package_identification:_identify(log) by extension 'ignore'
[4.270s] Level 1:colcon.colcon_core.package_identification:_identify(log) ignored
[4.271s] Level 1:colcon.colcon_core.package_identification:_identify(src) by extensions ['ignore', 'ignore_ament_install']
[4.272s] Level 1:colcon.colcon_core.package_identification:_identify(src) by extension 'ignore'
[4.272s] Level 1:colcon.colcon_core.package_identification:_identify(src) by extension 'ignore_ament_install'
[4.272s] Level 1:colcon.colcon_core.package_identification:_identify(src) by extensions ['colcon_pkg']
[4.272s] Level 1:colcon.colcon_core.package_identification:_identify(src) by extension 'colcon_pkg'
[4.272s] Level 1:colcon.colcon_core.package_identification:_identify(src) by extensions ['colcon_meta']
[4.273s] Level 1:colcon.colcon_core.package_identification:_identify(src) by extension 'colcon_meta'
[4.273s] Level 1:colcon.colcon_core.package_identification:_identify(src) by extensions ['ros']
[4.273s] Level 1:colcon.colcon_core.package_identification:_identify(src) by extension 'ros'
[4.273s] Level 1:colcon.colcon_core.package_identification:_identify(src) by extensions ['cmake', 'python']
[4.273s] Level 1:colcon.colcon_core.package_identification:_identify(src) by extension 'cmake'
[4.274s] Level 1:colcon.colcon_core.package_identification:_identify(src) by extension 'python'
[4.274s] Level 1:colcon.colcon_core.package_identification:_identify(src) by extensions ['python_setup_py']
[4.274s] Level 1:colcon.colcon_core.package_identification:_identify(src) by extension 'python_setup_py'
[4.274s] Level 1:colcon.colcon_core.package_identification:_identify(src/build) by extensions ['ignore', 'ignore_ament_install']
[4.275s] Level 1:colcon.colcon_core.package_identification:_identify(src/build) by extension 'ignore'
[4.275s] Level 1:colcon.colcon_core.package_identification:_identify(src/build) ignored
[4.275s] Level 1:colcon.colcon_core.package_identification:_identify(src/install) by extensions ['ignore', 'ignore_ament_install']
[4.276s] Level 1:colcon.colcon_core.package_identification:_identify(src/install) by extension 'ignore'
[4.276s] Level 1:colcon.colcon_core.package_identification:_identify(src/install) ignored
[4.277s] Level 1:colcon.colcon_core.package_identification:_identify(src/log) by extensions ['ignore', 'ignore_ament_install']
[4.277s] Level 1:colcon.colcon_core.package_identification:_identify(src/log) by extension 'ignore'
[4.277s] Level 1:colcon.colcon_core.package_identification:_identify(src/log) ignored
[4.278s] Level 1:colcon.colcon_core.package_identification:_identify(src/robot_keyboard) by extensions ['ignore', 'ignore_ament_install']
[4.278s] Level 1:colcon.colcon_core.package_identification:_identify(src/robot_keyboard) by extension 'ignore'
[4.279s] Level 1:colcon.colcon_core.package_identification:_identify(src/robot_keyboard) by extension 'ignore_ament_install'
[4.279s] Level 1:colcon.colcon_core.package_identification:_identify(src/robot_keyboard) by extensions ['colcon_pkg']
[4.279s] Level 1:colcon.colcon_core.package_identification:_identify(src/robot_keyboard) by extension 'colcon_pkg'
[4.279s] Level 1:colcon.colcon_core.package_identification:_identify(src/robot_keyboard) by extensions ['colcon_meta']
[4.279s] Level 1:colcon.colcon_core.package_identification:_identify(src/robot_keyboard) by extension 'colcon_meta'
[4.280s] Level 1:colcon.colcon_core.package_identification:_identify(src/robot_keyboard) by extensions ['ros']
[4.280s] Level 1:colcon.colcon_core.package_identification:_identify(src/robot_keyboard) by extension 'ros'
[4.291s] DEBUG:colcon.colcon_core.package_identification:Package 'src/robot_keyboard' with type 'ros.ament_python' and name 'robot_keyboard'
[4.292s] Level 1:colcon.colcon_core.package_identification:_identify(src/teleop_twist_keyboard) by extensions ['ignore', 'ignore_ament_install']
[4.292s] Level 1:colcon.colcon_core.package_identification:_identify(src/teleop_twist_keyboard) by extension 'ignore'
[4.293s] Level 1:colcon.colcon_core.package_identification:_identify(src/teleop_twist_keyboard) by extension 'ignore_ament_install'
[4.293s] Level 1:colcon.colcon_core.package_identification:_identify(src/teleop_twist_keyboard) by extensions ['colcon_pkg']
[4.293s] Level 1:colcon.colcon_core.package_identification:_identify(src/teleop_twist_keyboard) by extension 'colcon_pkg'
[4.293s] Level 1:colcon.colcon_core.package_identification:_identify(src/teleop_twist_keyboard) by extensions ['colcon_meta']
[4.294s] Level 1:colcon.colcon_core.package_identification:_identify(src/teleop_twist_keyboard) by extension 'colcon_meta'
[4.294s] Level 1:colcon.colcon_core.package_identification:_identify(src/teleop_twist_keyboard) by extensions ['ros']
[4.294s] Level 1:colcon.colcon_core.package_identification:_identify(src/teleop_twist_keyboard) by extension 'ros'
[4.297s] DEBUG:colcon.colcon_core.package_identification:Package 'src/teleop_twist_keyboard' with type 'ros.ament_python' and name 'teleop_twist_keyboard'
[4.298s] Level 1:colcon.colcon_core.package_identification:_identify(src/ydlidar_ros2_driver) by extensions ['ignore', 'ignore_ament_install']
[4.298s] Level 1:colcon.colcon_core.package_identification:_identify(src/ydlidar_ros2_driver) by extension 'ignore'
[4.299s] Level 1:colcon.colcon_core.package_identification:_identify(src/ydlidar_ros2_driver) by extension 'ignore_ament_install'
[4.299s] Level 1:colcon.colcon_core.package_identification:_identify(src/ydlidar_ros2_driver) by extensions ['colcon_pkg']
[4.299s] Level 1:colcon.colcon_core.package_identification:_identify(src/ydlidar_ros2_driver) by extension 'colcon_pkg'
[4.299s] Level 1:colcon.colcon_core.package_identification:_identify(src/ydlidar_ros2_driver) by extensions ['colcon_meta']
[4.299s] Level 1:colcon.colcon_core.package_identification:_identify(src/ydlidar_ros2_driver) by extension 'colcon_meta'
[4.300s] Level 1:colcon.colcon_core.package_identification:_identify(src/ydlidar_ros2_driver) by extensions ['ros']
[4.300s] Level 1:colcon.colcon_core.package_identification:_identify(src/ydlidar_ros2_driver) by extension 'ros'
[4.303s] DEBUG:colcon.colcon_core.package_identification:Package 'src/ydlidar_ros2_driver' with type 'ros.ament_cmake' and name 'ydlidar_ros2_driver'
[4.303s] Level 1:colcon.colcon_core.package_discovery:discover_packages(recursive) using defaults
[4.304s] Level 1:colcon.colcon_core.package_discovery:discover_packages(ignore) discover
[4.304s] Level 1:colcon.colcon_core.package_discovery:discover_packages(ignore) using defaults
[4.304s] Level 1:colcon.colcon_core.package_discovery:discover_packages(path) discover
[4.304s] Level 1:colcon.colcon_core.package_discovery:discover_packages(path) using defaults
[4.576s] Level 1:colcon.colcon_core.package_discovery:discover_packages(prefix_path) check parameters
[4.576s] Level 1:colcon.colcon_core.package_discovery:discover_packages(prefix_path) discover
[4.676s] DEBUG:colcon.colcon_installed_package_information.package_discovery:Found 1 installed packages in /home/nyp-bot/ydlidar_ros2_driver-master/install
[4.766s] DEBUG:colcon.colcon_installed_package_information.package_discovery:Found 319 installed packages in /home/nyp-bot/ros2_humble/install
[4.779s] DEBUG:colcon.colcon_installed_package_information.package_discovery:Found 130 installed packages in /opt/ros/humble
[4.808s] Level 1:colcon.colcon_core.package_discovery:discover_packages(prefix_path) using defaults
[5.483s] Level 5:colcon.colcon_core.verb:set package 'robot_keyboard' build argument 'cmake_args' from command line to 'None'
[5.483s] Level 5:colcon.colcon_core.verb:set package 'robot_keyboard' build argument 'cmake_target' from command line to 'None'
[5.483s] Level 5:colcon.colcon_core.verb:set package 'robot_keyboard' build argument 'cmake_target_skip_unavailable' from command line to 'False'
[5.483s] Level 5:colcon.colcon_core.verb:set package 'robot_keyboard' build argument 'cmake_clean_cache' from command line to 'False'
[5.484s] Level 5:colcon.colcon_core.verb:set package 'robot_keyboard' build argument 'cmake_clean_first' from command line to 'False'
[5.484s] Level 5:colcon.colcon_core.verb:set package 'robot_keyboard' build argument 'cmake_force_configure' from command line to 'False'
[5.484s] Level 5:colcon.colcon_core.verb:set package 'robot_keyboard' build argument 'ament_cmake_args' from command line to 'None'
[5.484s] Level 5:colcon.colcon_core.verb:set package 'robot_keyboard' build argument 'catkin_cmake_args' from command line to 'None'
[5.484s] Level 5:colcon.colcon_core.verb:set package 'robot_keyboard' build argument 'catkin_skip_building_tests' from command line to 'False'
[5.484s] DEBUG:colcon.colcon_core.verb:Building package 'robot_keyboard' with the following arguments: {'ament_cmake_args': None, 'build_base': '/home/nyp-bot/ydlidar_ros2_ws/build/robot_keyboard', 'catkin_cmake_args': None, 'catkin_skip_building_tests': False, 'cmake_args': None, 'cmake_clean_cache': False, 'cmake_clean_first': False, 'cmake_force_configure': False, 'cmake_target': None, 'cmake_target_skip_unavailable': False, 'install_base': '/home/nyp-bot/ydlidar_ros2_ws/install/robot_keyboard', 'merge_install': False, 'path': '/home/nyp-bot/ydlidar_ros2_ws/src/robot_keyboard', 'symlink_install': False, 'test_result_base': None}
[5.486s] Level 5:colcon.colcon_core.verb:set package 'teleop_twist_keyboard' build argument 'cmake_args' from command line to 'None'
[5.486s] Level 5:colcon.colcon_core.verb:set package 'teleop_twist_keyboard' build argument 'cmake_target' from command line to 'None'
[5.486s] Level 5:colcon.colcon_core.verb:set package 'teleop_twist_keyboard' build argument 'cmake_target_skip_unavailable' from command line to 'False'
[5.486s] Level 5:colcon.colcon_core.verb:set package 'teleop_twist_keyboard' build argument 'cmake_clean_cache' from command line to 'False'
[5.486s] Level 5:colcon.colcon_core.verb:set package 'teleop_twist_keyboard' build argument 'cmake_clean_first' from command line to 'False'
[5.486s] Level 5:colcon.colcon_core.verb:set package 'teleop_twist_keyboard' build argument 'cmake_force_configure' from command line to 'False'
[5.486s] Level 5:colcon.colcon_core.verb:set package 'teleop_twist_keyboard' build argument 'ament_cmake_args' from command line to 'None'
[5.486s] Level 5:colcon.colcon_core.verb:set package 'teleop_twist_keyboard' build argument 'catkin_cmake_args' from command line to 'None'
[5.486s] Level 5:colcon.colcon_core.verb:set package 'teleop_twist_keyboard' build argument 'catkin_skip_building_tests' from command line to 'False'
[5.487s] DEBUG:colcon.colcon_core.verb:Building package 'teleop_twist_keyboard' with the following arguments: {'ament_cmake_args': None, 'build_base': '/home/nyp-bot/ydlidar_ros2_ws/build/teleop_twist_keyboard', 'catkin_cmake_args': None, 'catkin_skip_building_tests': False, 'cmake_args': None, 'cmake_clean_cache': False, 'cmake_clean_first': False, 'cmake_force_configure': False, 'cmake_target': None, 'cmake_target_skip_unavailable': False, 'install_base': '/home/nyp-bot/ydlidar_ros2_ws/install/teleop_twist_keyboard', 'merge_install': False, 'path': '/home/nyp-bot/ydlidar_ros2_ws/src/teleop_twist_keyboard', 'symlink_install': False, 'test_result_base': None}
[5.488s] Level 5:colcon.colcon_core.verb:set package 'ydlidar_ros2_driver' build argument 'cmake_args' from command line to 'None'
[5.488s] Level 5:colcon.colcon_core.verb:set package 'ydlidar_ros2_driver' build argument 'cmake_target' from command line to 'None'
[5.488s] Level 5:colcon.colcon_core.verb:set package 'ydlidar_ros2_driver' build argument 'cmake_target_skip_unavailable' from command line to 'False'
[5.488s] Level 5:colcon.colcon_core.verb:set package 'ydlidar_ros2_driver' build argument 'cmake_clean_cache' from command line to 'False'
[5.488s] Level 5:colcon.colcon_core.verb:set package 'ydlidar_ros2_driver' build argument 'cmake_clean_first' from command line to 'False'
[5.489s] Level 5:colcon.colcon_core.verb:set package 'ydlidar_ros2_driver' build argument 'cmake_force_configure' from command line to 'False'
[5.489s] Level 5:colcon.colcon_core.verb:set package 'ydlidar_ros2_driver' build argument 'ament_cmake_args' from command line to 'None'
[5.489s] Level 5:colcon.colcon_core.verb:set package 'ydlidar_ros2_driver' build argument 'catkin_cmake_args' from command line to 'None'
[5.489s] Level 5:colcon.colcon_core.verb:set package 'ydlidar_ros2_driver' build argument 'catkin_skip_building_tests' from command line to 'False'
[5.489s] DEBUG:colcon.colcon_core.verb:Building package 'ydlidar_ros2_driver' with the following arguments: {'ament_cmake_args': None, 'build_base': '/home/nyp-bot/ydlidar_ros2_ws/build/ydlidar_ros2_driver', 'catkin_cmake_args': None, 'catkin_skip_building_tests': False, 'cmake_args': None, 'cmake_clean_cache': False, 'cmake_clean_first': False, 'cmake_force_configure': False, 'cmake_target': None, 'cmake_target_skip_unavailable': False, 'install_base': '/home/nyp-bot/ydlidar_ros2_ws/install/ydlidar_ros2_driver', 'merge_install': False, 'path': '/home/nyp-bot/ydlidar_ros2_ws/src/ydlidar_ros2_driver', 'symlink_install': False, 'test_result_base': None}
[5.490s] INFO:colcon.colcon_core.executor:Executing jobs using 'parallel' executor
[5.493s] DEBUG:colcon.colcon_parallel_executor.executor.parallel:run_until_complete
[5.493s] INFO:colcon.colcon_ros.task.ament_python.build:Building ROS package in '/home/nyp-bot/ydlidar_ros2_ws/src/robot_keyboard' with build type 'ament_python'
[5.494s] Level 1:colcon.colcon_core.shell:create_environment_hook('robot_keyboard', 'ament_prefix_path')
[5.535s] INFO:colcon.colcon_core.plugin_system:Skipping extension 'colcon_core.shell.bat': Not used on non-Windows systems
[5.536s] INFO:colcon.colcon_core.shell:Creating environment hook '/home/nyp-bot/ydlidar_ros2_ws/install/robot_keyboard/share/robot_keyboard/hook/ament_prefix_path.ps1'
[5.540s] INFO:colcon.colcon_core.shell:Creating environment descriptor '/home/nyp-bot/ydlidar_ros2_ws/install/robot_keyboard/share/robot_keyboard/hook/ament_prefix_path.dsv'
[5.542s] INFO:colcon.colcon_core.shell:Creating environment hook '/home/nyp-bot/ydlidar_ros2_ws/install/robot_keyboard/share/robot_keyboard/hook/ament_prefix_path.sh'
[5.546s] INFO:colcon.colcon_core.shell:Skip shell extension 'powershell' for command environment: Not usable outside of PowerShell
[5.546s] DEBUG:colcon.colcon_core.shell:Skip shell extension 'dsv' for command environment
[5.718s] INFO:colcon.colcon_ros.task.ament_python.build:Building ROS package in '/home/nyp-bot/ydlidar_ros2_ws/src/teleop_twist_keyboard' with build type 'ament_python'
[5.719s] Level 1:colcon.colcon_core.shell:create_environment_hook('teleop_twist_keyboard', 'ament_prefix_path')
[5.721s] INFO:colcon.colcon_core.shell:Creating environment hook '/home/nyp-bot/ydlidar_ros2_ws/install/teleop_twist_keyboard/share/teleop_twist_keyboard/hook/ament_prefix_path.ps1'
[5.724s] INFO:colcon.colcon_core.shell:Creating environment descriptor '/home/nyp-bot/ydlidar_ros2_ws/install/teleop_twist_keyboard/share/teleop_twist_keyboard/hook/ament_prefix_path.dsv'
[5.727s] INFO:colcon.colcon_core.shell:Creating environment hook '/home/nyp-bot/ydlidar_ros2_ws/install/teleop_twist_keyboard/share/teleop_twist_keyboard/hook/ament_prefix_path.sh'
[5.731s] INFO:colcon.colcon_core.shell:Skip shell extension 'powershell' for command environment: Not usable outside of PowerShell
[5.732s] DEBUG:colcon.colcon_core.shell:Skip shell extension 'dsv' for command environment
[5.901s] INFO:colcon.colcon_ros.task.ament_cmake.build:Building ROS package in '/home/nyp-bot/ydlidar_ros2_ws/src/ydlidar_ros2_driver' with build type 'ament_cmake'
[5.902s] INFO:colcon.colcon_cmake.task.cmake.build:Building CMake package in '/home/nyp-bot/ydlidar_ros2_ws/src/ydlidar_ros2_driver'
[5.903s] INFO:colcon.colcon_core.shell:Skip shell extension 'powershell' for command environment: Not usable outside of PowerShell
[5.903s] DEBUG:colcon.colcon_core.shell:Skip shell extension 'dsv' for command environment
[9.000s] INFO:colcon.colcon_core.task.python.build:Building Python package in '/home/nyp-bot/ydlidar_ros2_ws/src/robot_keyboard'
[9.001s] INFO:colcon.colcon_core.shell:Skip shell extension 'powershell' for command environment: Not usable outside of PowerShell
[9.001s] DEBUG:colcon.colcon_core.shell:Skip shell extension 'dsv' for command environment
[12.085s] INFO:colcon.colcon_core.task.python.build:Building Python package in '/home/nyp-bot/ydlidar_ros2_ws/src/teleop_twist_keyboard'
[12.086s] INFO:colcon.colcon_core.shell:Skip shell extension 'powershell' for command environment: Not usable outside of PowerShell
[12.086s] DEBUG:colcon.colcon_core.shell:Skip shell extension 'dsv' for command environment
[12.277s] DEBUG:colcon.colcon_core.event_handler.log_command:Invoking command in '/home/nyp-bot/ydlidar_ros2_ws/build/ydlidar_ros2_driver': CMAKE_PREFIX_PATH=${CMAKE_PREFIX_PATH}:/opt/ros/humble:/home/nyp-bot/ros2_humble/install/tracetools_test:/home/nyp-bot/ros2_humble/install/tracetools_launch:/home/nyp-bot/ros2_humble/install/topic_monitor:/home/nyp-bot/ros2_humble/install/tf2_tools:/home/nyp-bot/ros2_humble/install/examples_tf2_py:/home/nyp-bot/ros2_humble/install/tf2_ros_py:/home/nyp-bot/ros2_humble/install/sros2:/home/nyp-bot/ros2_humble/install/rqt_topic:/home/nyp-bot/ros2_humble/install/rqt_srv:/home/nyp-bot/ros2_humble/install/rqt_shell:/home/nyp-bot/ros2_humble/install/rqt_service_caller:/home/nyp-bot/ros2_humble/install/rqt_reconfigure:/home/nyp-bot/ros2_humble/install/rqt_py_console:/home/nyp-bot/ros2_humble/install/rqt_publisher:/home/nyp-bot/ros2_humble/install/rqt_plot:/home/nyp-bot/ros2_humble/install/rqt_action:/home/nyp-bot/ros2_humble/install/rqt_msg:/home/nyp-bot/ros2_humble/install/rqt_console:/home/nyp-bot/ros2_humble/install/rqt_graph:/home/nyp-bot/ros2_humble/install/rqt_gui_py:/home/nyp-bot/ros2_humble/install/rqt_gui:/home/nyp-bot/ros2_humble/install/ros2trace:/home/nyp-bot/ros2_humble/install/ros2topic:/home/nyp-bot/ros2_humble/install/ros2test:/home/nyp-bot/ros2_humble/install/ros2component:/home/nyp-bot/ros2_humble/install/ros2param:/home/nyp-bot/ros2_humble/install/ros2lifecycle:/home/nyp-bot/ros2_humble/install/ros2service:/home/nyp-bot/ros2_humble/install/ros2run:/home/nyp-bot/ros2_humble/install/ros2plugin:/home/nyp-bot/ros2_humble/install/ros2launch:/home/nyp-bot/ros2_humble/install/ros2pkg:/home/nyp-bot/ros2_humble/install/ros2node:/home/nyp-bot/ros2_humble/install/ros2multicast:/home/nyp-bot/ros2_humble/install/ros2interface:/home/nyp-bot/ros2_humble/install/ros2doctor:/home/nyp-bot/ros2_humble/install/ros2action:/home/nyp-bot/ros2_humble/install/ros2cli:/home/nyp-bot/ros2_humble/install/quality_of_service_demo_py:/home/nyp-bot/ros2_humble/install/launch_testing_ros:/home/nyp-bot/ros2_humble/install/launch_ros:/home/nyp-bot/ros2_humble/install/examples_rclpy_pointcloud_publisher:/home/nyp-bot/ros2_humble/install/examples_rclpy_minimal_subscriber:/home/nyp-bot/ros2_humble/install/examples_rclpy_minimal_service:/home/nyp-bot/ros2_humble/install/examples_rclpy_minimal_publisher:/home/nyp-bot/ros2_humble/install/examples_rclpy_minimal_client:/home/nyp-bot/ros2_humble/install/examples_rclpy_minimal_action_server:/home/nyp-bot/ros2_humble/install/examples_rclpy_minimal_action_client:/home/nyp-bot/ros2_humble/install/examples_rclpy_guard_conditions:/home/nyp-bot/ros2_humble/install/examples_rclpy_executors:/home/nyp-bot/ros2_humble/install/demo_nodes_py:/home/nyp-bot/ros2_humble/install/camera_info_manager_py:/home/nyp-bot/ros2_humble/install/action_tutorials_py:/home/nyp-bot/ros2_humble/install/ament_uncrustify:/home/nyp-bot/ros2_humble/install/tracetools_trace:/home/nyp-bot/ros2_humble/install/tracetools_read:/home/nyp-bot/ros2_humble/install/sensor_msgs_py:/home/nyp-bot/ros2_humble/install/rpyutils:/home/nyp-bot/ros2_humble/install/rosidl_runtime_py:/home/nyp-bot/ros2_humble/install/rosidl_cli:/home/nyp-bot/ros2_humble/install/launch_pytest:/home/nyp-bot/ros2_humble/install/launch_testing:/home/nyp-bot/ros2_humble/install/launch_yaml:/home/nyp-bot/ros2_humble/install/launch_xml:/home/nyp-bot/ros2_humble/install/launch:/home/nyp-bot/ros2_humble/install/osrf_pycommon:/home/nyp-bot/ros2_humble/install/domain_coordinator:/home/nyp-bot/ros2_humble/install/ament_xmllint:/home/nyp-bot/ros2_humble/install/ament_pyflakes:/home/nyp-bot/ros2_humble/install/ament_pycodestyle:/home/nyp-bot/ros2_humble/install/ament_pep257:/home/nyp-bot/ros2_humble/install/ament_pclint:/home/nyp-bot/ros2_humble/install/ament_package:/home/nyp-bot/ros2_humble/install/ament_mypy:/home/nyp-bot/ros2_humble/install/ament_lint_cmake:/home/nyp-bot/ros2_humble/install/ament_flake8:/home/nyp-bot/ros2_humble/install/ament_copyright:/home/nyp-bot/ros2_humble/install/ament_lint:/home/nyp-bot/ros2_humble/install/ament_index_python:/home/nyp-bot/ros2_humble/install/ament_cpplint:/home/nyp-bot/ros2_humble/install/ament_cppcheck:/home/nyp-bot/ros2_humble/install/ament_clang_tidy:/home/nyp-bot/ros2_humble/install/ament_clang_format /usr/bin/cmake --build /home/nyp-bot/ydlidar_ros2_ws/build/ydlidar_ros2_driver -- -j4 -l4
[14.165s] DEBUG:colcon.colcon_core.event_handler.log_command:Invoked command in '/home/nyp-bot/ydlidar_ros2_ws/build/ydlidar_ros2_driver' returned '0': CMAKE_PREFIX_PATH=${CMAKE_PREFIX_PATH}:/opt/ros/humble:/home/nyp-bot/ros2_humble/install/tracetools_test:/home/nyp-bot/ros2_humble/install/tracetools_launch:/home/nyp-bot/ros2_humble/install/topic_monitor:/home/nyp-bot/ros2_humble/install/tf2_tools:/home/nyp-bot/ros2_humble/install/examples_tf2_py:/home/nyp-bot/ros2_humble/install/tf2_ros_py:/home/nyp-bot/ros2_humble/install/sros2:/home/nyp-bot/ros2_humble/install/rqt_topic:/home/nyp-bot/ros2_humble/install/rqt_srv:/home/nyp-bot/ros2_humble/install/rqt_shell:/home/nyp-bot/ros2_humble/install/rqt_service_caller:/home/nyp-bot/ros2_humble/install/rqt_reconfigure:/home/nyp-bot/ros2_humble/install/rqt_py_console:/home/nyp-bot/ros2_humble/install/rqt_publisher:/home/nyp-bot/ros2_humble/install/rqt_plot:/home/nyp-bot/ros2_humble/install/rqt_action:/home/nyp-bot/ros2_humble/install/rqt_msg:/home/nyp-bot/ros2_humble/install/rqt_console:/home/nyp-bot/ros2_humble/install/rqt_graph:/home/nyp-bot/ros2_humble/install/rqt_gui_py:/home/nyp-bot/ros2_humble/install/rqt_gui:/home/nyp-bot/ros2_humble/install/ros2trace:/home/nyp-bot/ros2_humble/install/ros2topic:/home/nyp-bot/ros2_humble/install/ros2test:/home/nyp-bot/ros2_humble/install/ros2component:/home/nyp-bot/ros2_humble/install/ros2param:/home/nyp-bot/ros2_humble/install/ros2lifecycle:/home/nyp-bot/ros2_humble/install/ros2service:/home/nyp-bot/ros2_humble/install/ros2run:/home/nyp-bot/ros2_humble/install/ros2plugin:/home/nyp-bot/ros2_humble/install/ros2launch:/home/nyp-bot/ros2_humble/install/ros2pkg:/home/nyp-bot/ros2_humble/install/ros2node:/home/nyp-bot/ros2_humble/install/ros2multicast:/home/nyp-bot/ros2_humble/install/ros2interface:/home/nyp-bot/ros2_humble/install/ros2doctor:/home/nyp-bot/ros2_humble/install/ros2action:/home/nyp-bot/ros2_humble/install/ros2cli:/home/nyp-bot/ros2_humble/install/quality_of_service_demo_py:/home/nyp-bot/ros2_humble/install/launch_testing_ros:/home/nyp-bot/ros2_humble/install/launch_ros:/home/nyp-bot/ros2_humble/install/examples_rclpy_pointcloud_publisher:/home/nyp-bot/ros2_humble/install/examples_rclpy_minimal_subscriber:/home/nyp-bot/ros2_humble/install/examples_rclpy_minimal_service:/home/nyp-bot/ros2_humble/install/examples_rclpy_minimal_publisher:/home/nyp-bot/ros2_humble/install/examples_rclpy_minimal_client:/home/nyp-bot/ros2_humble/install/examples_rclpy_minimal_action_server:/home/nyp-bot/ros2_humble/install/examples_rclpy_minimal_action_client:/home/nyp-bot/ros2_humble/install/examples_rclpy_guard_conditions:/home/nyp-bot/ros2_humble/install/examples_rclpy_executors:/home/nyp-bot/ros2_humble/install/demo_nodes_py:/home/nyp-bot/ros2_humble/install/camera_info_manager_py:/home/nyp-bot/ros2_humble/install/action_tutorials_py:/home/nyp-bot/ros2_humble/install/ament_uncrustify:/home/nyp-bot/ros2_humble/install/tracetools_trace:/home/nyp-bot/ros2_humble/install/tracetools_read:/home/nyp-bot/ros2_humble/install/sensor_msgs_py:/home/nyp-bot/ros2_humble/install/rpyutils:/home/nyp-bot/ros2_humble/install/rosidl_runtime_py:/home/nyp-bot/ros2_humble/install/rosidl_cli:/home/nyp-bot/ros2_humble/install/launch_pytest:/home/nyp-bot/ros2_humble/install/launch_testing:/home/nyp-bot/ros2_humble/install/launch_yaml:/home/nyp-bot/ros2_humble/install/launch_xml:/home/nyp-bot/ros2_humble/install/launch:/home/nyp-bot/ros2_humble/install/osrf_pycommon:/home/nyp-bot/ros2_humble/install/domain_coordinator:/home/nyp-bot/ros2_humble/install/ament_xmllint:/home/nyp-bot/ros2_humble/install/ament_pyflakes:/home/nyp-bot/ros2_humble/install/ament_pycodestyle:/home/nyp-bot/ros2_humble/install/ament_pep257:/home/nyp-bot/ros2_humble/install/ament_pclint:/home/nyp-bot/ros2_humble/install/ament_package:/home/nyp-bot/ros2_humble/install/ament_mypy:/home/nyp-bot/ros2_humble/install/ament_lint_cmake:/home/nyp-bot/ros2_humble/install/ament_flake8:/home/nyp-bot/ros2_humble/install/ament_copyright:/home/nyp-bot/ros2_humble/install/ament_lint:/home/nyp-bot/ros2_humble/install/ament_index_python:/home/nyp-bot/ros2_humble/install/ament_cpplint:/home/nyp-bot/ros2_humble/install/ament_cppcheck:/home/nyp-bot/ros2_humble/install/ament_clang_tidy:/home/nyp-bot/ros2_humble/install/ament_clang_format /usr/bin/cmake --build /home/nyp-bot/ydlidar_ros2_ws/build/ydlidar_ros2_driver -- -j4 -l4
[14.372s] DEBUG:colcon.colcon_core.event_handler.log_command:Invoking command in '/home/nyp-bot/ydlidar_ros2_ws/build/ydlidar_ros2_driver': CMAKE_PREFIX_PATH=${CMAKE_PREFIX_PATH}:/opt/ros/humble:/home/nyp-bot/ros2_humble/install/tracetools_test:/home/nyp-bot/ros2_humble/install/tracetools_launch:/home/nyp-bot/ros2_humble/install/topic_monitor:/home/nyp-bot/ros2_humble/install/tf2_tools:/home/nyp-bot/ros2_humble/install/examples_tf2_py:/home/nyp-bot/ros2_humble/install/tf2_ros_py:/home/nyp-bot/ros2_humble/install/sros2:/home/nyp-bot/ros2_humble/install/rqt_topic:/home/nyp-bot/ros2_humble/install/rqt_srv:/home/nyp-bot/ros2_humble/install/rqt_shell:/home/nyp-bot/ros2_humble/install/rqt_service_caller:/home/nyp-bot/ros2_humble/install/rqt_reconfigure:/home/nyp-bot/ros2_humble/install/rqt_py_console:/home/nyp-bot/ros2_humble/install/rqt_publisher:/home/nyp-bot/ros2_humble/install/rqt_plot:/home/nyp-bot/ros2_humble/install/rqt_action:/home/nyp-bot/ros2_humble/install/rqt_msg:/home/nyp-bot/ros2_humble/install/rqt_console:/home/nyp-bot/ros2_humble/install/rqt_graph:/home/nyp-bot/ros2_humble/install/rqt_gui_py:/home/nyp-bot/ros2_humble/install/rqt_gui:/home/nyp-bot/ros2_humble/install/ros2trace:/home/nyp-bot/ros2_humble/install/ros2topic:/home/nyp-bot/ros2_humble/install/ros2test:/home/nyp-bot/ros2_humble/install/ros2component:/home/nyp-bot/ros2_humble/install/ros2param:/home/nyp-bot/ros2_humble/install/ros2lifecycle:/home/nyp-bot/ros2_humble/install/ros2service:/home/nyp-bot/ros2_humble/install/ros2run:/home/nyp-bot/ros2_humble/install/ros2plugin:/home/nyp-bot/ros2_humble/install/ros2launch:/home/nyp-bot/ros2_humble/install/ros2pkg:/home/nyp-bot/ros2_humble/install/ros2node:/home/nyp-bot/ros2_humble/install/ros2multicast:/home/nyp-bot/ros2_humble/install/ros2interface:/home/nyp-bot/ros2_humble/install/ros2doctor:/home/nyp-bot/ros2_humble/install/ros2action:/home/nyp-bot/ros2_humble/install/ros2cli:/home/nyp-bot/ros2_humble/install/quality_of_service_demo_py:/home/nyp-bot/ros2_humble/install/launch_testing_ros:/home/nyp-bot/ros2_humble/install/launch_ros:/home/nyp-bot/ros2_humble/install/examples_rclpy_pointcloud_publisher:/home/nyp-bot/ros2_humble/install/examples_rclpy_minimal_subscriber:/home/nyp-bot/ros2_humble/install/examples_rclpy_minimal_service:/home/nyp-bot/ros2_humble/install/examples_rclpy_minimal_publisher:/home/nyp-bot/ros2_humble/install/examples_rclpy_minimal_client:/home/nyp-bot/ros2_humble/install/examples_rclpy_minimal_action_server:/home/nyp-bot/ros2_humble/install/examples_rclpy_minimal_action_client:/home/nyp-bot/ros2_humble/install/examples_rclpy_guard_conditions:/home/nyp-bot/ros2_humble/install/examples_rclpy_executors:/home/nyp-bot/ros2_humble/install/demo_nodes_py:/home/nyp-bot/ros2_humble/install/camera_info_manager_py:/home/nyp-bot/ros2_humble/install/action_tutorials_py:/home/nyp-bot/ros2_humble/install/ament_uncrustify:/home/nyp-bot/ros2_humble/install/tracetools_trace:/home/nyp-bot/ros2_humble/install/tracetools_read:/home/nyp-bot/ros2_humble/install/sensor_msgs_py:/home/nyp-bot/ros2_humble/install/rpyutils:/home/nyp-bot/ros2_humble/install/rosidl_runtime_py:/home/nyp-bot/ros2_humble/install/rosidl_cli:/home/nyp-bot/ros2_humble/install/launch_pytest:/home/nyp-bot/ros2_humble/install/launch_testing:/home/nyp-bot/ros2_humble/install/launch_yaml:/home/nyp-bot/ros2_humble/install/launch_xml:/home/nyp-bot/ros2_humble/install/launch:/home/nyp-bot/ros2_humble/install/osrf_pycommon:/home/nyp-bot/ros2_humble/install/domain_coordinator:/home/nyp-bot/ros2_humble/install/ament_xmllint:/home/nyp-bot/ros2_humble/install/ament_pyflakes:/home/nyp-bot/ros2_humble/install/ament_pycodestyle:/home/nyp-bot/ros2_humble/install/ament_pep257:/home/nyp-bot/ros2_humble/install/ament_pclint:/home/nyp-bot/ros2_humble/install/ament_package:/home/nyp-bot/ros2_humble/install/ament_mypy:/home/nyp-bot/ros2_humble/install/ament_lint_cmake:/home/nyp-bot/ros2_humble/install/ament_flake8:/home/nyp-bot/ros2_humble/install/ament_copyright:/home/nyp-bot/ros2_humble/install/ament_lint:/home/nyp-bot/ros2_humble/install/ament_index_python:/home/nyp-bot/ros2_humble/install/ament_cpplint:/home/nyp-bot/ros2_humble/install/ament_cppcheck:/home/nyp-bot/ros2_humble/install/ament_clang_tidy:/home/nyp-bot/ros2_humble/install/ament_clang_format /usr/bin/cmake --install /home/nyp-bot/ydlidar_ros2_ws/build/ydlidar_ros2_driver
[14.832s] Level 1:colcon.colcon_core.environment:create_environment_scripts_only(ydlidar_ros2_driver)
[14.845s] DEBUG:colcon.colcon_core.event_handler.log_command:Invoked command in '/home/nyp-bot/ydlidar_ros2_ws/build/ydlidar_ros2_driver' returned '0': CMAKE_PREFIX_PATH=${CMAKE_PREFIX_PATH}:/opt/ros/humble:/home/nyp-bot/ros2_humble/install/tracetools_test:/home/nyp-bot/ros2_humble/install/tracetools_launch:/home/nyp-bot/ros2_humble/install/topic_monitor:/home/nyp-bot/ros2_humble/install/tf2_tools:/home/nyp-bot/ros2_humble/install/examples_tf2_py:/home/nyp-bot/ros2_humble/install/tf2_ros_py:/home/nyp-bot/ros2_humble/install/sros2:/home/nyp-bot/ros2_humble/install/rqt_topic:/home/nyp-bot/ros2_humble/install/rqt_srv:/home/nyp-bot/ros2_humble/install/rqt_shell:/home/nyp-bot/ros2_humble/install/rqt_service_caller:/home/nyp-bot/ros2_humble/install/rqt_reconfigure:/home/nyp-bot/ros2_humble/install/rqt_py_console:/home/nyp-bot/ros2_humble/install/rqt_publisher:/home/nyp-bot/ros2_humble/install/rqt_plot:/home/nyp-bot/ros2_humble/install/rqt_action:/home/nyp-bot/ros2_humble/install/rqt_msg:/home/nyp-bot/ros2_humble/install/rqt_console:/home/nyp-bot/ros2_humble/install/rqt_graph:/home/nyp-bot/ros2_humble/install/rqt_gui_py:/home/nyp-bot/ros2_humble/install/rqt_gui:/home/nyp-bot/ros2_humble/install/ros2trace:/home/nyp-bot/ros2_humble/install/ros2topic:/home/nyp-bot/ros2_humble/install/ros2test:/home/nyp-bot/ros2_humble/install/ros2component:/home/nyp-bot/ros2_humble/install/ros2param:/home/nyp-bot/ros2_humble/install/ros2lifecycle:/home/nyp-bot/ros2_humble/install/ros2service:/home/nyp-bot/ros2_humble/install/ros2run:/home/nyp-bot/ros2_humble/install/ros2plugin:/home/nyp-bot/ros2_humble/install/ros2launch:/home/nyp-bot/ros2_humble/install/ros2pkg:/home/nyp-bot/ros2_humble/install/ros2node:/home/nyp-bot/ros2_humble/install/ros2multicast:/home/nyp-bot/ros2_humble/install/ros2interface:/home/nyp-bot/ros2_humble/install/ros2doctor:/home/nyp-bot/ros2_humble/install/ros2action:/home/nyp-bot/ros2_humble/install/ros2cli:/home/nyp-bot/ros2_humble/install/quality_of_service_demo_py:/home/nyp-bot/ros2_humble/install/launch_testing_ros:/home/nyp-bot/ros2_humble/install/launch_ros:/home/nyp-bot/ros2_humble/install/examples_rclpy_pointcloud_publisher:/home/nyp-bot/ros2_humble/install/examples_rclpy_minimal_subscriber:/home/nyp-bot/ros2_humble/install/examples_rclpy_minimal_service:/home/nyp-bot/ros2_humble/install/examples_rclpy_minimal_publisher:/home/nyp-bot/ros2_humble/install/examples_rclpy_minimal_client:/home/nyp-bot/ros2_humble/install/examples_rclpy_minimal_action_server:/home/nyp-bot/ros2_humble/install/examples_rclpy_minimal_action_client:/home/nyp-bot/ros2_humble/install/examples_rclpy_guard_conditions:/home/nyp-bot/ros2_humble/install/examples_rclpy_executors:/home/nyp-bot/ros2_humble/install/demo_nodes_py:/home/nyp-bot/ros2_humble/install/camera_info_manager_py:/home/nyp-bot/ros2_humble/install/action_tutorials_py:/home/nyp-bot/ros2_humble/install/ament_uncrustify:/home/nyp-bot/ros2_humble/install/tracetools_trace:/home/nyp-bot/ros2_humble/install/tracetools_read:/home/nyp-bot/ros2_humble/install/sensor_msgs_py:/home/nyp-bot/ros2_humble/install/rpyutils:/home/nyp-bot/ros2_humble/install/rosidl_runtime_py:/home/nyp-bot/ros2_humble/install/rosidl_cli:/home/nyp-bot/ros2_humble/install/launch_pytest:/home/nyp-bot/ros2_humble/install/launch_testing:/home/nyp-bot/ros2_humble/install/launch_yaml:/home/nyp-bot/ros2_humble/install/launch_xml:/home/nyp-bot/ros2_humble/install/launch:/home/nyp-bot/ros2_humble/install/osrf_pycommon:/home/nyp-bot/ros2_humble/install/domain_coordinator:/home/nyp-bot/ros2_humble/install/ament_xmllint:/home/nyp-bot/ros2_humble/install/ament_pyflakes:/home/nyp-bot/ros2_humble/install/ament_pycodestyle:/home/nyp-bot/ros2_humble/install/ament_pep257:/home/nyp-bot/ros2_humble/install/ament_pclint:/home/nyp-bot/ros2_humble/install/ament_package:/home/nyp-bot/ros2_humble/install/ament_mypy:/home/nyp-bot/ros2_humble/install/ament_lint_cmake:/home/nyp-bot/ros2_humble/install/ament_flake8:/home/nyp-bot/ros2_humble/install/ament_copyright:/home/nyp-bot/ros2_humble/install/ament_lint:/home/nyp-bot/ros2_humble/install/ament_index_python:/home/nyp-bot/ros2_humble/install/ament_cpplint:/home/nyp-bot/ros2_humble/install/ament_cppcheck:/home/nyp-bot/ros2_humble/install/ament_clang_tidy:/home/nyp-bot/ros2_humble/install/ament_clang_format /usr/bin/cmake --install /home/nyp-bot/ydlidar_ros2_ws/build/ydlidar_ros2_driver
[14.877s] Level 1:colcon.colcon_core.environment:checking '/home/nyp-bot/ydlidar_ros2_ws/install/ydlidar_ros2_driver' for CMake module files
[14.882s] Level 1:colcon.colcon_core.environment:checking '/home/nyp-bot/ydlidar_ros2_ws/install/ydlidar_ros2_driver' for CMake config files
[14.889s] Level 1:colcon.colcon_core.shell:create_environment_hook('ydlidar_ros2_driver', 'cmake_prefix_path')
[14.890s] INFO:colcon.colcon_core.shell:Creating environment hook '/home/nyp-bot/ydlidar_ros2_ws/install/ydlidar_ros2_driver/share/ydlidar_ros2_driver/hook/cmake_prefix_path.ps1'
[14.893s] INFO:colcon.colcon_core.shell:Creating environment descriptor '/home/nyp-bot/ydlidar_ros2_ws/install/ydlidar_ros2_driver/share/ydlidar_ros2_driver/hook/cmake_prefix_path.dsv'
[14.895s] INFO:colcon.colcon_core.shell:Creating environment hook '/home/nyp-bot/ydlidar_ros2_ws/install/ydlidar_ros2_driver/share/ydlidar_ros2_driver/hook/cmake_prefix_path.sh'
[14.900s] Level 1:colcon.colcon_core.environment:checking '/home/nyp-bot/ydlidar_ros2_ws/install/ydlidar_ros2_driver/lib'
[14.901s] Level 1:colcon.colcon_core.environment:checking '/home/nyp-bot/ydlidar_ros2_ws/install/ydlidar_ros2_driver/bin'
[14.901s] Level 1:colcon.colcon_core.environment:checking '/home/nyp-bot/ydlidar_ros2_ws/install/ydlidar_ros2_driver/lib/pkgconfig/ydlidar_ros2_driver.pc'
[14.902s] Level 1:colcon.colcon_core.environment:checking '/home/nyp-bot/ydlidar_ros2_ws/install/ydlidar_ros2_driver/lib/python3.10/site-packages'
[14.904s] Level 1:colcon.colcon_core.environment:checking '/home/nyp-bot/ydlidar_ros2_ws/install/ydlidar_ros2_driver/bin'
[14.905s] INFO:colcon.colcon_core.shell:Creating package script '/home/nyp-bot/ydlidar_ros2_ws/install/ydlidar_ros2_driver/share/ydlidar_ros2_driver/package.ps1'
[14.909s] INFO:colcon.colcon_core.shell:Creating package descriptor '/home/nyp-bot/ydlidar_ros2_ws/install/ydlidar_ros2_driver/share/ydlidar_ros2_driver/package.dsv'
[14.920s] INFO:colcon.colcon_core.shell:Creating package script '/home/nyp-bot/ydlidar_ros2_ws/install/ydlidar_ros2_driver/share/ydlidar_ros2_driver/package.sh'
[14.924s] INFO:colcon.colcon_core.shell:Creating package script '/home/nyp-bot/ydlidar_ros2_ws/install/ydlidar_ros2_driver/share/ydlidar_ros2_driver/package.bash'
[14.929s] INFO:colcon.colcon_core.shell:Creating package script '/home/nyp-bot/ydlidar_ros2_ws/install/ydlidar_ros2_driver/share/ydlidar_ros2_driver/package.zsh'
[14.932s] Level 1:colcon.colcon_core.environment:create_file_with_runtime_dependencies(/home/nyp-bot/ydlidar_ros2_ws/install/ydlidar_ros2_driver/share/colcon-core/packages/ydlidar_ros2_driver)
[14.936s] Level 1:colcon.colcon_core.environment:create_environment_scripts_only(ydlidar_ros2_driver)
[14.937s] Level 1:colcon.colcon_core.environment:checking '/home/nyp-bot/ydlidar_ros2_ws/install/ydlidar_ros2_driver' for CMake module files
[14.941s] Level 1:colcon.colcon_core.environment:checking '/home/nyp-bot/ydlidar_ros2_ws/install/ydlidar_ros2_driver' for CMake config files
[14.945s] Level 1:colcon.colcon_core.shell:create_environment_hook('ydlidar_ros2_driver', 'cmake_prefix_path')
[14.946s] INFO:colcon.colcon_core.shell:Creating environment hook '/home/nyp-bot/ydlidar_ros2_ws/install/ydlidar_ros2_driver/share/ydlidar_ros2_driver/hook/cmake_prefix_path.ps1'
[14.949s] INFO:colcon.colcon_core.shell:Creating environment descriptor '/home/nyp-bot/ydlidar_ros2_ws/install/ydlidar_ros2_driver/share/ydlidar_ros2_driver/hook/cmake_prefix_path.dsv'
[14.951s] INFO:colcon.colcon_core.shell:Creating environment hook '/home/nyp-bot/ydlidar_ros2_ws/install/ydlidar_ros2_driver/share/ydlidar_ros2_driver/hook/cmake_prefix_path.sh'
[14.955s] Level 1:colcon.colcon_core.environment:checking '/home/nyp-bot/ydlidar_ros2_ws/install/ydlidar_ros2_driver/lib'
[14.956s] Level 1:colcon.colcon_core.environment:checking '/home/nyp-bot/ydlidar_ros2_ws/install/ydlidar_ros2_driver/bin'
[14.956s] Level 1:colcon.colcon_core.environment:checking '/home/nyp-bot/ydlidar_ros2_ws/install/ydlidar_ros2_driver/lib/pkgconfig/ydlidar_ros2_driver.pc'
[14.957s] Level 1:colcon.colcon_core.environment:checking '/home/nyp-bot/ydlidar_ros2_ws/install/ydlidar_ros2_driver/lib/python3.10/site-packages'
[14.959s] Level 1:colcon.colcon_core.environment:checking '/home/nyp-bot/ydlidar_ros2_ws/install/ydlidar_ros2_driver/bin'
[14.960s] INFO:colcon.colcon_core.shell:Creating package script '/home/nyp-bot/ydlidar_ros2_ws/install/ydlidar_ros2_driver/share/ydlidar_ros2_driver/package.ps1'
[14.963s] INFO:colcon.colcon_core.shell:Creating package descriptor '/home/nyp-bot/ydlidar_ros2_ws/install/ydlidar_ros2_driver/share/ydlidar_ros2_driver/package.dsv'
[14.966s] INFO:colcon.colcon_core.shell:Creating package script '/home/nyp-bot/ydlidar_ros2_ws/install/ydlidar_ros2_driver/share/ydlidar_ros2_driver/package.sh'
[14.969s] INFO:colcon.colcon_core.shell:Creating package script '/home/nyp-bot/ydlidar_ros2_ws/install/ydlidar_ros2_driver/share/ydlidar_ros2_driver/package.bash'
[14.972s] INFO:colcon.colcon_core.shell:Creating package script '/home/nyp-bot/ydlidar_ros2_ws/install/ydlidar_ros2_driver/share/ydlidar_ros2_driver/package.zsh'
[14.975s] Level 1:colcon.colcon_core.environment:create_file_with_runtime_dependencies(/home/nyp-bot/ydlidar_ros2_ws/install/ydlidar_ros2_driver/share/colcon-core/packages/ydlidar_ros2_driver)
[16.722s] DEBUG:colcon.colcon_core.event_handler.log_command:Invoking command in '/home/nyp-bot/ydlidar_ros2_ws/src/robot_keyboard': PYTHONPATH=/home/nyp-bot/ydlidar_ros2_ws/build/robot_keyboard/prefix_override:/usr/lib/python3/dist-packages/colcon_core/task/python/colcon_distutils_commands:/home/nyp-bot/ydlidar_ros2_ws/install/robot_keyboard/lib/python3.10/site-packages:${PYTHONPATH} /usr/bin/python3 -W ignore:setup.py install is deprecated -W ignore:easy_install command is deprecated setup.py egg_info --egg-base ../../build/robot_keyboard build --build-base /home/nyp-bot/ydlidar_ros2_ws/build/robot_keyboard/build install --record /home/nyp-bot/ydlidar_ros2_ws/build/robot_keyboard/install.log --single-version-externally-managed install_data
[16.727s] DEBUG:colcon.colcon_core.event_handler.log_command:Invoking command in '/home/nyp-bot/ydlidar_ros2_ws/src/teleop_twist_keyboard': PYTHONPATH=/home/nyp-bot/ydlidar_ros2_ws/build/teleop_twist_keyboard/prefix_override:/usr/lib/python3/dist-packages/colcon_core/task/python/colcon_distutils_commands:/home/nyp-bot/ydlidar_ros2_ws/install/teleop_twist_keyboard/lib/python3.10/site-packages:${PYTHONPATH} /usr/bin/python3 -W ignore:setup.py install is deprecated -W ignore:easy_install command is deprecated setup.py egg_info --egg-base ../../build/teleop_twist_keyboard build --build-base /home/nyp-bot/ydlidar_ros2_ws/build/teleop_twist_keyboard/build install --record /home/nyp-bot/ydlidar_ros2_ws/build/teleop_twist_keyboard/install.log --single-version-externally-managed install_data
[20.181s] Level 1:colcon.colcon_core.environment:checking '/home/nyp-bot/ydlidar_ros2_ws/install/robot_keyboard' for CMake module files
[20.184s] Level 1:colcon.colcon_core.environment:checking '/home/nyp-bot/ydlidar_ros2_ws/install/robot_keyboard' for CMake config files
[20.190s] Level 1:colcon.colcon_core.environment:checking '/home/nyp-bot/ydlidar_ros2_ws/install/robot_keyboard/lib'
[20.192s] Level 1:colcon.colcon_core.environment:checking '/home/nyp-bot/ydlidar_ros2_ws/install/robot_keyboard/bin'
[20.194s] Level 1:colcon.colcon_core.environment:checking '/home/nyp-bot/ydlidar_ros2_ws/install/robot_keyboard/lib/pkgconfig/robot_keyboard.pc'
[20.195s] DEBUG:colcon.colcon_core.event_handler.log_command:Invoked command in '/home/nyp-bot/ydlidar_ros2_ws/src/robot_keyboard' returned '0': PYTHONPATH=/home/nyp-bot/ydlidar_ros2_ws/build/robot_keyboard/prefix_override:/usr/lib/python3/dist-packages/colcon_core/task/python/colcon_distutils_commands:/home/nyp-bot/ydlidar_ros2_ws/install/robot_keyboard/lib/python3.10/site-packages:${PYTHONPATH} /usr/bin/python3 -W ignore:setup.py install is deprecated -W ignore:easy_install command is deprecated setup.py egg_info --egg-base ../../build/robot_keyboard build --build-base /home/nyp-bot/ydlidar_ros2_ws/build/robot_keyboard/build install --record /home/nyp-bot/ydlidar_ros2_ws/build/robot_keyboard/install.log --single-version-externally-managed install_data
[20.197s] Level 1:colcon.colcon_core.environment:checking '/home/nyp-bot/ydlidar_ros2_ws/install/robot_keyboard/lib/python3.10/site-packages'
[20.198s] Level 1:colcon.colcon_core.shell:create_environment_hook('robot_keyboard', 'pythonpath')
[20.199s] INFO:colcon.colcon_core.shell:Creating environment hook '/home/nyp-bot/ydlidar_ros2_ws/install/robot_keyboard/share/robot_keyboard/hook/pythonpath.ps1'
[20.202s] INFO:colcon.colcon_core.shell:Creating environment descriptor '/home/nyp-bot/ydlidar_ros2_ws/install/robot_keyboard/share/robot_keyboard/hook/pythonpath.dsv'
[20.204s] INFO:colcon.colcon_core.shell:Creating environment hook '/home/nyp-bot/ydlidar_ros2_ws/install/robot_keyboard/share/robot_keyboard/hook/pythonpath.sh'
[20.208s] Level 1:colcon.colcon_core.environment:checking '/home/nyp-bot/ydlidar_ros2_ws/install/robot_keyboard/bin'
[20.208s] Level 1:colcon.colcon_core.environment:create_environment_scripts_only(robot_keyboard)
[20.209s] INFO:colcon.colcon_core.shell:Creating package script '/home/nyp-bot/ydlidar_ros2_ws/install/robot_keyboard/share/robot_keyboard/package.ps1'
[20.211s] INFO:colcon.colcon_core.shell:Creating package descriptor '/home/nyp-bot/ydlidar_ros2_ws/install/robot_keyboard/share/robot_keyboard/package.dsv'
[20.214s] INFO:colcon.colcon_core.shell:Creating package script '/home/nyp-bot/ydlidar_ros2_ws/install/robot_keyboard/share/robot_keyboard/package.sh'
[20.215s] INFO:colcon.colcon_core.shell:Creating package script '/home/nyp-bot/ydlidar_ros2_ws/install/robot_keyboard/share/robot_keyboard/package.bash'
[20.217s] INFO:colcon.colcon_core.shell:Creating package script '/home/nyp-bot/ydlidar_ros2_ws/install/robot_keyboard/share/robot_keyboard/package.zsh'
[20.219s] Level 1:colcon.colcon_core.environment:create_file_with_runtime_dependencies(/home/nyp-bot/ydlidar_ros2_ws/install/robot_keyboard/share/colcon-core/packages/robot_keyboard)
[20.223s] Level 1:colcon.colcon_core.environment:checking '/home/nyp-bot/ydlidar_ros2_ws/install/teleop_twist_keyboard' for CMake module files
[20.225s] DEBUG:colcon.colcon_core.event_handler.log_command:Invoked command in '/home/nyp-bot/ydlidar_ros2_ws/src/teleop_twist_keyboard' returned '0': PYTHONPATH=/home/nyp-bot/ydlidar_ros2_ws/build/teleop_twist_keyboard/prefix_override:/usr/lib/python3/dist-packages/colcon_core/task/python/colcon_distutils_commands:/home/nyp-bot/ydlidar_ros2_ws/install/teleop_twist_keyboard/lib/python3.10/site-packages:${PYTHONPATH} /usr/bin/python3 -W ignore:setup.py install is deprecated -W ignore:easy_install command is deprecated setup.py egg_info --egg-base ../../build/teleop_twist_keyboard build --build-base /home/nyp-bot/ydlidar_ros2_ws/build/teleop_twist_keyboard/build install --record /home/nyp-bot/ydlidar_ros2_ws/build/teleop_twist_keyboard/install.log --single-version-externally-managed install_data
[20.227s] Level 1:colcon.colcon_core.environment:checking '/home/nyp-bot/ydlidar_ros2_ws/install/teleop_twist_keyboard' for CMake config files
[20.237s] Level 1:colcon.colcon_core.environment:checking '/home/nyp-bot/ydlidar_ros2_ws/install/teleop_twist_keyboard/lib'
[20.237s] Level 1:colcon.colcon_core.environment:checking '/home/nyp-bot/ydlidar_ros2_ws/install/teleop_twist_keyboard/bin'
[20.238s] Level 1:colcon.colcon_core.environment:checking '/home/nyp-bot/ydlidar_ros2_ws/install/teleop_twist_keyboard/lib/pkgconfig/teleop_twist_keyboard.pc'
[20.239s] Level 1:colcon.colcon_core.environment:checking '/home/nyp-bot/ydlidar_ros2_ws/install/teleop_twist_keyboard/lib/python3.10/site-packages'
[20.240s] Level 1:colcon.colcon_core.shell:create_environment_hook('teleop_twist_keyboard', 'pythonpath')
[20.241s] INFO:colcon.colcon_core.shell:Creating environment hook '/home/nyp-bot/ydlidar_ros2_ws/install/teleop_twist_keyboard/share/teleop_twist_keyboard/hook/pythonpath.ps1'
[20.245s] INFO:colcon.colcon_core.shell:Creating environment descriptor '/home/nyp-bot/ydlidar_ros2_ws/install/teleop_twist_keyboard/share/teleop_twist_keyboard/hook/pythonpath.dsv'
[20.247s] INFO:colcon.colcon_core.shell:Creating environment hook '/home/nyp-bot/ydlidar_ros2_ws/install/teleop_twist_keyboard/share/teleop_twist_keyboard/hook/pythonpath.sh'
[20.251s] Level 1:colcon.colcon_core.environment:checking '/home/nyp-bot/ydlidar_ros2_ws/install/teleop_twist_keyboard/bin'
[20.252s] Level 1:colcon.colcon_core.environment:create_environment_scripts_only(teleop_twist_keyboard)
[20.254s] INFO:colcon.colcon_core.shell:Creating package script '/home/nyp-bot/ydlidar_ros2_ws/install/teleop_twist_keyboard/share/teleop_twist_keyboard/package.ps1'
[20.257s] INFO:colcon.colcon_core.shell:Creating package descriptor '/home/nyp-bot/ydlidar_ros2_ws/install/teleop_twist_keyboard/share/teleop_twist_keyboard/package.dsv'
[20.259s] INFO:colcon.colcon_core.shell:Creating package script '/home/nyp-bot/ydlidar_ros2_ws/install/teleop_twist_keyboard/share/teleop_twist_keyboard/package.sh'
[20.262s] INFO:colcon.colcon_core.shell:Creating package script '/home/nyp-bot/ydlidar_ros2_ws/install/teleop_twist_keyboard/share/teleop_twist_keyboard/package.bash'
[20.264s] INFO:colcon.colcon_core.shell:Creating package script '/home/nyp-bot/ydlidar_ros2_ws/install/teleop_twist_keyboard/share/teleop_twist_keyboard/package.zsh'
[20.266s] Level 1:colcon.colcon_core.environment:create_file_with_runtime_dependencies(/home/nyp-bot/ydlidar_ros2_ws/install/teleop_twist_keyboard/share/colcon-core/packages/teleop_twist_keyboard)
[20.267s] DEBUG:colcon.colcon_parallel_executor.executor.parallel:closing loop
[20.268s] DEBUG:colcon.colcon_parallel_executor.executor.parallel:loop closed
[20.269s] DEBUG:colcon.colcon_parallel_executor.executor.parallel:run_until_complete finished with '0'
[20.269s] DEBUG:colcon.colcon_core.event_reactor:joining thread
[20.348s] INFO:colcon.colcon_core.plugin_system:Skipping extension 'colcon_notification.desktop_notification.terminal_notifier': Not used on non-Darwin systems
[20.349s] INFO:colcon.colcon_core.plugin_system:Skipping extension 'colcon_notification.desktop_notification.win32': Not used on non-Windows systems
[20.349s] INFO:colcon.colcon_notification.desktop_notification:Sending desktop notification using 'notify2'
[20.405s] DEBUG:colcon.colcon_core.event_reactor:joined thread
[20.407s] INFO:colcon.colcon_core.shell:Creating prefix script '/home/nyp-bot/ydlidar_ros2_ws/install/local_setup.ps1'
[20.411s] INFO:colcon.colcon_core.shell:Creating prefix util module '/home/nyp-bot/ydlidar_ros2_ws/install/_local_setup_util_ps1.py'
[20.418s] INFO:colcon.colcon_core.shell:Creating prefix chain script '/home/nyp-bot/ydlidar_ros2_ws/install/setup.ps1'
[20.524s] INFO:colcon.colcon_core.shell:Creating prefix script '/home/nyp-bot/ydlidar_ros2_ws/install/local_setup.sh'
[20.527s] INFO:colcon.colcon_core.shell:Creating prefix util module '/home/nyp-bot/ydlidar_ros2_ws/install/_local_setup_util_sh.py'
[20.531s] INFO:colcon.colcon_core.shell:Creating prefix chain script '/home/nyp-bot/ydlidar_ros2_ws/install/setup.sh'
[20.627s] INFO:colcon.colcon_core.shell:Creating prefix script '/home/nyp-bot/ydlidar_ros2_ws/install/local_setup.bash'
[20.629s] INFO:colcon.colcon_core.shell:Creating prefix chain script '/home/nyp-bot/ydlidar_ros2_ws/install/setup.bash'
[20.722s] INFO:colcon.colcon_core.shell:Creating prefix script '/home/nyp-bot/ydlidar_ros2_ws/install/local_setup.zsh'
[20.724s] INFO:colcon.colcon_core.shell:Creating prefix chain script '/home/nyp-bot/ydlidar_ros2_ws/install/setup.zsh'
