[1.978s] DEBUG:colcon:Command line arguments: ['/usr/bin/colcon', 'build', '--symlink-install']
[1.979s] DEBUG:colcon:Parsed command line arguments: Namespace(log_base=None, log_level=None, verb_name='build', build_base='build', install_base='install', merge_install=False, symlink_install=True, test_result_base=None, continue_on_error=False, executor='parallel', parallel_workers=4, event_handlers=None, ignore_user_meta=False, metas=['./colcon.meta'], base_paths=['.'], packages_ignore=None, packages_ignore_regex=None, paths=None, packages_up_to=None, packages_up_to_regex=None, packages_above=None, packages_above_and_dependencies=None, packages_above_depth=None, packages_select_by_dep=None, packages_skip_by_dep=None, packages_skip_up_to=None, packages_select_build_failed=False, packages_skip_build_finished=False, packages_select_test_failures=False, packages_skip_test_passed=False, packages_select=None, packages_skip=None, packages_select_regex=None, packages_skip_regex=None, packages_start=None, packages_end=None, allow_overriding=[], cmake_args=None, cmake_target=None, cmake_target_skip_unavailable=False, cmake_clean_cache=False, cmake_clean_first=False, cmake_force_configure=False, ament_cmake_args=None, catkin_cmake_args=None, catkin_skip_building_tests=False, mixin_files=None, mixin=None, verb_parser=<colcon_mixin.mixin.mixin_argument.MixinArgumentDecorator object at 0xffff960cab90>, verb_extension=<colcon_core.verb.build.BuildVerb object at 0xffff9623ba90>, main=<bound method BuildVerb.main of <colcon_core.verb.build.BuildVerb object at 0xffff9623ba90>>, mixin_verb=('build',))
[3.940s] Level 1:colcon.colcon_core.package_discovery:discover_packages(colcon_meta) check parameters
[3.940s] Level 1:colcon.colcon_core.package_discovery:discover_packages(recursive) check parameters
[3.941s] Level 1:colcon.colcon_core.package_discovery:discover_packages(ignore) check parameters
[3.941s] Level 1:colcon.colcon_core.package_discovery:discover_packages(path) check parameters
[3.941s] Level 1:colcon.colcon_core.package_discovery:discover_packages(colcon_meta) discover
[3.941s] Level 1:colcon.colcon_core.package_discovery:discover_packages(recursive) discover
[3.941s] INFO:colcon.colcon_core.package_discovery:Crawling recursively for packages in '/home/nyp-bot/ydlidar_ros2_ws'
[3.942s] Level 1:colcon.colcon_core.package_identification:_identify(.) by extensions ['ignore', 'ignore_ament_install']
[3.942s] Level 1:colcon.colcon_core.package_identification:_identify(.) by extension 'ignore'
[3.942s] Level 1:colcon.colcon_core.package_identification:_identify(.) by extension 'ignore_ament_install'
[3.943s] Level 1:colcon.colcon_core.package_identification:_identify(.) by extensions ['colcon_pkg']
[3.943s] Level 1:colcon.colcon_core.package_identification:_identify(.) by extension 'colcon_pkg'
[3.943s] Level 1:colcon.colcon_core.package_identification:_identify(.) by extensions ['colcon_meta']
[3.943s] Level 1:colcon.colcon_core.package_identification:_identify(.) by extension 'colcon_meta'
[3.943s] Level 1:colcon.colcon_core.package_identification:_identify(.) by extensions ['ros']
[3.943s] Level 1:colcon.colcon_core.package_identification:_identify(.) by extension 'ros'
[4.027s] Level 1:colcon.colcon_core.package_identification:_identify(.) by extensions ['cmake', 'python']
[4.027s] Level 1:colcon.colcon_core.package_identification:_identify(.) by extension 'cmake'
[4.028s] Level 1:colcon.colcon_core.package_identification:_identify(.) by extension 'python'
[4.028s] Level 1:colcon.colcon_core.package_identification:_identify(.) by extensions ['python_setup_py']
[4.028s] Level 1:colcon.colcon_core.package_identification:_identify(.) by extension 'python_setup_py'
[4.028s] Level 1:colcon.colcon_core.package_identification:_identify(build) by extensions ['ignore', 'ignore_ament_install']
[4.029s] Level 1:colcon.colcon_core.package_identification:_identify(build) by extension 'ignore'
[4.029s] Level 1:colcon.colcon_core.package_identification:_identify(build) ignored
[4.030s] Level 1:colcon.colcon_core.package_identification:_identify(install) by extensions ['ignore', 'ignore_ament_install']
[4.030s] Level 1:colcon.colcon_core.package_identification:_identify(install) by extension 'ignore'
[4.030s] Level 1:colcon.colcon_core.package_identification:_identify(install) ignored
[4.031s] Level 1:colcon.colcon_core.package_identification:_identify(log) by extensions ['ignore', 'ignore_ament_install']
[4.031s] Level 1:colcon.colcon_core.package_identification:_identify(log) by extension 'ignore'
[4.031s] Level 1:colcon.colcon_core.package_identification:_identify(log) ignored
[4.032s] Level 1:colcon.colcon_core.package_identification:_identify(src) by extensions ['ignore', 'ignore_ament_install']
[4.032s] Level 1:colcon.colcon_core.package_identification:_identify(src) by extension 'ignore'
[4.032s] Level 1:colcon.colcon_core.package_identification:_identify(src) by extension 'ignore_ament_install'
[4.032s] Level 1:colcon.colcon_core.package_identification:_identify(src) by extensions ['colcon_pkg']
[4.032s] Level 1:colcon.colcon_core.package_identification:_identify(src) by extension 'colcon_pkg'
[4.033s] Level 1:colcon.colcon_core.package_identification:_identify(src) by extensions ['colcon_meta']
[4.033s] Level 1:colcon.colcon_core.package_identification:_identify(src) by extension 'colcon_meta'
[4.033s] Level 1:colcon.colcon_core.package_identification:_identify(src) by extensions ['ros']
[4.033s] Level 1:colcon.colcon_core.package_identification:_identify(src) by extension 'ros'
[4.033s] Level 1:colcon.colcon_core.package_identification:_identify(src) by extensions ['cmake', 'python']
[4.034s] Level 1:colcon.colcon_core.package_identification:_identify(src) by extension 'cmake'
[4.034s] Level 1:colcon.colcon_core.package_identification:_identify(src) by extension 'python'
[4.034s] Level 1:colcon.colcon_core.package_identification:_identify(src) by extensions ['python_setup_py']
[4.034s] Level 1:colcon.colcon_core.package_identification:_identify(src) by extension 'python_setup_py'
[4.035s] Level 1:colcon.colcon_core.package_identification:_identify(src/ydlidar_ros2_driver) by extensions ['ignore', 'ignore_ament_install']
[4.035s] Level 1:colcon.colcon_core.package_identification:_identify(src/ydlidar_ros2_driver) by extension 'ignore'
[4.035s] Level 1:colcon.colcon_core.package_identification:_identify(src/ydlidar_ros2_driver) by extension 'ignore_ament_install'
[4.035s] Level 1:colcon.colcon_core.package_identification:_identify(src/ydlidar_ros2_driver) by extensions ['colcon_pkg']
[4.036s] Level 1:colcon.colcon_core.package_identification:_identify(src/ydlidar_ros2_driver) by extension 'colcon_pkg'
[4.036s] Level 1:colcon.colcon_core.package_identification:_identify(src/ydlidar_ros2_driver) by extensions ['colcon_meta']
[4.036s] Level 1:colcon.colcon_core.package_identification:_identify(src/ydlidar_ros2_driver) by extension 'colcon_meta'
[4.036s] Level 1:colcon.colcon_core.package_identification:_identify(src/ydlidar_ros2_driver) by extensions ['ros']
[4.036s] Level 1:colcon.colcon_core.package_identification:_identify(src/ydlidar_ros2_driver) by extension 'ros'
[4.049s] DEBUG:colcon.colcon_core.package_identification:Package 'src/ydlidar_ros2_driver' with type 'ros.ament_cmake' and name 'ydlidar_ros2_driver'
[4.049s] Level 1:colcon.colcon_core.package_discovery:discover_packages(recursive) using defaults
[4.050s] Level 1:colcon.colcon_core.package_discovery:discover_packages(ignore) discover
[4.050s] Level 1:colcon.colcon_core.package_discovery:discover_packages(ignore) using defaults
[4.050s] Level 1:colcon.colcon_core.package_discovery:discover_packages(path) discover
[4.050s] Level 1:colcon.colcon_core.package_discovery:discover_packages(path) using defaults
[4.350s] Level 1:colcon.colcon_core.package_discovery:discover_packages(prefix_path) check parameters
[4.351s] Level 1:colcon.colcon_core.package_discovery:discover_packages(prefix_path) discover
[4.460s] DEBUG:colcon.colcon_installed_package_information.package_discovery:Found 1 installed packages in /home/nyp-bot/ydlidar_ros2_driver-master/install
[4.512s] DEBUG:colcon.colcon_installed_package_information.package_discovery:Found 319 installed packages in /home/nyp-bot/ros2_humble/install
[4.527s] DEBUG:colcon.colcon_installed_package_information.package_discovery:Found 76 installed packages in /opt/ros/humble
[4.546s] Level 1:colcon.colcon_core.package_discovery:discover_packages(prefix_path) using defaults
[5.580s] Level 5:colcon.colcon_core.verb:set package 'ydlidar_ros2_driver' build argument 'cmake_args' from command line to 'None'
[5.581s] Level 5:colcon.colcon_core.verb:set package 'ydlidar_ros2_driver' build argument 'cmake_target' from command line to 'None'
[5.581s] Level 5:colcon.colcon_core.verb:set package 'ydlidar_ros2_driver' build argument 'cmake_target_skip_unavailable' from command line to 'False'
[5.581s] Level 5:colcon.colcon_core.verb:set package 'ydlidar_ros2_driver' build argument 'cmake_clean_cache' from command line to 'False'
[5.581s] Level 5:colcon.colcon_core.verb:set package 'ydlidar_ros2_driver' build argument 'cmake_clean_first' from command line to 'False'
[5.581s] Level 5:colcon.colcon_core.verb:set package 'ydlidar_ros2_driver' build argument 'cmake_force_configure' from command line to 'False'
[5.581s] Level 5:colcon.colcon_core.verb:set package 'ydlidar_ros2_driver' build argument 'ament_cmake_args' from command line to 'None'
[5.581s] Level 5:colcon.colcon_core.verb:set package 'ydlidar_ros2_driver' build argument 'catkin_cmake_args' from command line to 'None'
[5.581s] Level 5:colcon.colcon_core.verb:set package 'ydlidar_ros2_driver' build argument 'catkin_skip_building_tests' from command line to 'False'
[5.582s] DEBUG:colcon.colcon_core.verb:Building package 'ydlidar_ros2_driver' with the following arguments: {'ament_cmake_args': None, 'build_base': '/home/nyp-bot/ydlidar_ros2_ws/build/ydlidar_ros2_driver', 'catkin_cmake_args': None, 'catkin_skip_building_tests': False, 'cmake_args': None, 'cmake_clean_cache': False, 'cmake_clean_first': False, 'cmake_force_configure': False, 'cmake_target': None, 'cmake_target_skip_unavailable': False, 'install_base': '/home/nyp-bot/ydlidar_ros2_ws/install/ydlidar_ros2_driver', 'merge_install': False, 'path': '/home/nyp-bot/ydlidar_ros2_ws/src/ydlidar_ros2_driver', 'symlink_install': True, 'test_result_base': None}
[5.582s] INFO:colcon.colcon_core.executor:Executing jobs using 'parallel' executor
[5.586s] DEBUG:colcon.colcon_parallel_executor.executor.parallel:run_until_complete
[5.587s] INFO:colcon.colcon_ros.task.ament_cmake.build:Building ROS package in '/home/nyp-bot/ydlidar_ros2_ws/src/ydlidar_ros2_driver' with build type 'ament_cmake'
[5.587s] INFO:colcon.colcon_cmake.task.cmake.build:Building CMake package in '/home/nyp-bot/ydlidar_ros2_ws/src/ydlidar_ros2_driver'
[5.637s] INFO:colcon.colcon_core.plugin_system:Skipping extension 'colcon_core.shell.bat': Not used on non-Windows systems
[5.638s] INFO:colcon.colcon_core.shell:Skip shell extension 'powershell' for command environment: Not usable outside of PowerShell
[5.639s] DEBUG:colcon.colcon_core.shell:Skip shell extension 'dsv' for command environment
[5.914s] DEBUG:colcon.colcon_core.event_handler.log_command:Invoking command in '/home/nyp-bot/ydlidar_ros2_ws/build/ydlidar_ros2_driver': CMAKE_PREFIX_PATH=${CMAKE_PREFIX_PATH}:/opt/ros/humble:/home/nyp-bot/ros2_humble/install/tracetools_test:/home/nyp-bot/ros2_humble/install/tracetools_launch:/home/nyp-bot/ros2_humble/install/topic_monitor:/home/nyp-bot/ros2_humble/install/tf2_tools:/home/nyp-bot/ros2_humble/install/examples_tf2_py:/home/nyp-bot/ros2_humble/install/tf2_ros_py:/home/nyp-bot/ros2_humble/install/sros2:/home/nyp-bot/ros2_humble/install/rqt_topic:/home/nyp-bot/ros2_humble/install/rqt_srv:/home/nyp-bot/ros2_humble/install/rqt_shell:/home/nyp-bot/ros2_humble/install/rqt_service_caller:/home/nyp-bot/ros2_humble/install/rqt_reconfigure:/home/nyp-bot/ros2_humble/install/rqt_py_console:/home/nyp-bot/ros2_humble/install/rqt_publisher:/home/nyp-bot/ros2_humble/install/rqt_plot:/home/nyp-bot/ros2_humble/install/rqt_action:/home/nyp-bot/ros2_humble/install/rqt_msg:/home/nyp-bot/ros2_humble/install/rqt_console:/home/nyp-bot/ros2_humble/install/rqt_graph:/home/nyp-bot/ros2_humble/install/rqt_gui_py:/home/nyp-bot/ros2_humble/install/rqt_gui:/home/nyp-bot/ros2_humble/install/ros2trace:/home/nyp-bot/ros2_humble/install/ros2topic:/home/nyp-bot/ros2_humble/install/ros2test:/home/nyp-bot/ros2_humble/install/ros2component:/home/nyp-bot/ros2_humble/install/ros2param:/home/nyp-bot/ros2_humble/install/ros2lifecycle:/home/nyp-bot/ros2_humble/install/ros2service:/home/nyp-bot/ros2_humble/install/ros2run:/home/nyp-bot/ros2_humble/install/ros2plugin:/home/nyp-bot/ros2_humble/install/ros2launch:/home/nyp-bot/ros2_humble/install/ros2pkg:/home/nyp-bot/ros2_humble/install/ros2node:/home/nyp-bot/ros2_humble/install/ros2multicast:/home/nyp-bot/ros2_humble/install/ros2interface:/home/nyp-bot/ros2_humble/install/ros2doctor:/home/nyp-bot/ros2_humble/install/ros2action:/home/nyp-bot/ros2_humble/install/ros2cli:/home/nyp-bot/ros2_humble/install/quality_of_service_demo_py:/home/nyp-bot/ros2_humble/install/launch_testing_ros:/home/nyp-bot/ros2_humble/install/launch_ros:/home/nyp-bot/ros2_humble/install/examples_rclpy_pointcloud_publisher:/home/nyp-bot/ros2_humble/install/examples_rclpy_minimal_subscriber:/home/nyp-bot/ros2_humble/install/examples_rclpy_minimal_service:/home/nyp-bot/ros2_humble/install/examples_rclpy_minimal_publisher:/home/nyp-bot/ros2_humble/install/examples_rclpy_minimal_client:/home/nyp-bot/ros2_humble/install/examples_rclpy_minimal_action_server:/home/nyp-bot/ros2_humble/install/examples_rclpy_minimal_action_client:/home/nyp-bot/ros2_humble/install/examples_rclpy_guard_conditions:/home/nyp-bot/ros2_humble/install/examples_rclpy_executors:/home/nyp-bot/ros2_humble/install/demo_nodes_py:/home/nyp-bot/ros2_humble/install/camera_info_manager_py:/home/nyp-bot/ros2_humble/install/action_tutorials_py:/home/nyp-bot/ros2_humble/install/ament_uncrustify:/home/nyp-bot/ros2_humble/install/tracetools_trace:/home/nyp-bot/ros2_humble/install/tracetools_read:/home/nyp-bot/ros2_humble/install/sensor_msgs_py:/home/nyp-bot/ros2_humble/install/rpyutils:/home/nyp-bot/ros2_humble/install/rosidl_runtime_py:/home/nyp-bot/ros2_humble/install/rosidl_cli:/home/nyp-bot/ros2_humble/install/launch_pytest:/home/nyp-bot/ros2_humble/install/launch_testing:/home/nyp-bot/ros2_humble/install/launch_yaml:/home/nyp-bot/ros2_humble/install/launch_xml:/home/nyp-bot/ros2_humble/install/launch:/home/nyp-bot/ros2_humble/install/osrf_pycommon:/home/nyp-bot/ros2_humble/install/domain_coordinator:/home/nyp-bot/ros2_humble/install/ament_xmllint:/home/nyp-bot/ros2_humble/install/ament_pyflakes:/home/nyp-bot/ros2_humble/install/ament_pycodestyle:/home/nyp-bot/ros2_humble/install/ament_pep257:/home/nyp-bot/ros2_humble/install/ament_pclint:/home/nyp-bot/ros2_humble/install/ament_package:/home/nyp-bot/ros2_humble/install/ament_mypy:/home/nyp-bot/ros2_humble/install/ament_lint_cmake:/home/nyp-bot/ros2_humble/install/ament_flake8:/home/nyp-bot/ros2_humble/install/ament_copyright:/home/nyp-bot/ros2_humble/install/ament_lint:/home/nyp-bot/ros2_humble/install/ament_index_python:/home/nyp-bot/ros2_humble/install/ament_cpplint:/home/nyp-bot/ros2_humble/install/ament_cppcheck:/home/nyp-bot/ros2_humble/install/ament_clang_tidy:/home/nyp-bot/ros2_humble/install/ament_clang_format /usr/bin/cmake --build /home/nyp-bot/ydlidar_ros2_ws/build/ydlidar_ros2_driver -- -j4 -l4
[38.118s] DEBUG:colcon.colcon_core.event_handler.log_command:Invoked command in '/home/nyp-bot/ydlidar_ros2_ws/build/ydlidar_ros2_driver' returned '2': CMAKE_PREFIX_PATH=${CMAKE_PREFIX_PATH}:/opt/ros/humble:/home/nyp-bot/ros2_humble/install/tracetools_test:/home/nyp-bot/ros2_humble/install/tracetools_launch:/home/nyp-bot/ros2_humble/install/topic_monitor:/home/nyp-bot/ros2_humble/install/tf2_tools:/home/nyp-bot/ros2_humble/install/examples_tf2_py:/home/nyp-bot/ros2_humble/install/tf2_ros_py:/home/nyp-bot/ros2_humble/install/sros2:/home/nyp-bot/ros2_humble/install/rqt_topic:/home/nyp-bot/ros2_humble/install/rqt_srv:/home/nyp-bot/ros2_humble/install/rqt_shell:/home/nyp-bot/ros2_humble/install/rqt_service_caller:/home/nyp-bot/ros2_humble/install/rqt_reconfigure:/home/nyp-bot/ros2_humble/install/rqt_py_console:/home/nyp-bot/ros2_humble/install/rqt_publisher:/home/nyp-bot/ros2_humble/install/rqt_plot:/home/nyp-bot/ros2_humble/install/rqt_action:/home/nyp-bot/ros2_humble/install/rqt_msg:/home/nyp-bot/ros2_humble/install/rqt_console:/home/nyp-bot/ros2_humble/install/rqt_graph:/home/nyp-bot/ros2_humble/install/rqt_gui_py:/home/nyp-bot/ros2_humble/install/rqt_gui:/home/nyp-bot/ros2_humble/install/ros2trace:/home/nyp-bot/ros2_humble/install/ros2topic:/home/nyp-bot/ros2_humble/install/ros2test:/home/nyp-bot/ros2_humble/install/ros2component:/home/nyp-bot/ros2_humble/install/ros2param:/home/nyp-bot/ros2_humble/install/ros2lifecycle:/home/nyp-bot/ros2_humble/install/ros2service:/home/nyp-bot/ros2_humble/install/ros2run:/home/nyp-bot/ros2_humble/install/ros2plugin:/home/nyp-bot/ros2_humble/install/ros2launch:/home/nyp-bot/ros2_humble/install/ros2pkg:/home/nyp-bot/ros2_humble/install/ros2node:/home/nyp-bot/ros2_humble/install/ros2multicast:/home/nyp-bot/ros2_humble/install/ros2interface:/home/nyp-bot/ros2_humble/install/ros2doctor:/home/nyp-bot/ros2_humble/install/ros2action:/home/nyp-bot/ros2_humble/install/ros2cli:/home/nyp-bot/ros2_humble/install/quality_of_service_demo_py:/home/nyp-bot/ros2_humble/install/launch_testing_ros:/home/nyp-bot/ros2_humble/install/launch_ros:/home/nyp-bot/ros2_humble/install/examples_rclpy_pointcloud_publisher:/home/nyp-bot/ros2_humble/install/examples_rclpy_minimal_subscriber:/home/nyp-bot/ros2_humble/install/examples_rclpy_minimal_service:/home/nyp-bot/ros2_humble/install/examples_rclpy_minimal_publisher:/home/nyp-bot/ros2_humble/install/examples_rclpy_minimal_client:/home/nyp-bot/ros2_humble/install/examples_rclpy_minimal_action_server:/home/nyp-bot/ros2_humble/install/examples_rclpy_minimal_action_client:/home/nyp-bot/ros2_humble/install/examples_rclpy_guard_conditions:/home/nyp-bot/ros2_humble/install/examples_rclpy_executors:/home/nyp-bot/ros2_humble/install/demo_nodes_py:/home/nyp-bot/ros2_humble/install/camera_info_manager_py:/home/nyp-bot/ros2_humble/install/action_tutorials_py:/home/nyp-bot/ros2_humble/install/ament_uncrustify:/home/nyp-bot/ros2_humble/install/tracetools_trace:/home/nyp-bot/ros2_humble/install/tracetools_read:/home/nyp-bot/ros2_humble/install/sensor_msgs_py:/home/nyp-bot/ros2_humble/install/rpyutils:/home/nyp-bot/ros2_humble/install/rosidl_runtime_py:/home/nyp-bot/ros2_humble/install/rosidl_cli:/home/nyp-bot/ros2_humble/install/launch_pytest:/home/nyp-bot/ros2_humble/install/launch_testing:/home/nyp-bot/ros2_humble/install/launch_yaml:/home/nyp-bot/ros2_humble/install/launch_xml:/home/nyp-bot/ros2_humble/install/launch:/home/nyp-bot/ros2_humble/install/osrf_pycommon:/home/nyp-bot/ros2_humble/install/domain_coordinator:/home/nyp-bot/ros2_humble/install/ament_xmllint:/home/nyp-bot/ros2_humble/install/ament_pyflakes:/home/nyp-bot/ros2_humble/install/ament_pycodestyle:/home/nyp-bot/ros2_humble/install/ament_pep257:/home/nyp-bot/ros2_humble/install/ament_pclint:/home/nyp-bot/ros2_humble/install/ament_package:/home/nyp-bot/ros2_humble/install/ament_mypy:/home/nyp-bot/ros2_humble/install/ament_lint_cmake:/home/nyp-bot/ros2_humble/install/ament_flake8:/home/nyp-bot/ros2_humble/install/ament_copyright:/home/nyp-bot/ros2_humble/install/ament_lint:/home/nyp-bot/ros2_humble/install/ament_index_python:/home/nyp-bot/ros2_humble/install/ament_cpplint:/home/nyp-bot/ros2_humble/install/ament_cppcheck:/home/nyp-bot/ros2_humble/install/ament_clang_tidy:/home/nyp-bot/ros2_humble/install/ament_clang_format /usr/bin/cmake --build /home/nyp-bot/ydlidar_ros2_ws/build/ydlidar_ros2_driver -- -j4 -l4
[38.123s] Level 1:colcon.colcon_core.environment:create_environment_scripts_only(ydlidar_ros2_driver)
[38.204s] Level 1:colcon.colcon_core.environment:checking '/home/nyp-bot/ydlidar_ros2_ws/install/ydlidar_ros2_driver' for CMake module files
[38.208s] Level 1:colcon.colcon_core.environment:checking '/home/nyp-bot/ydlidar_ros2_ws/install/ydlidar_ros2_driver' for CMake config files
[38.214s] Level 1:colcon.colcon_core.environment:checking '/home/nyp-bot/ydlidar_ros2_ws/install/ydlidar_ros2_driver/bin'
[38.215s] Level 1:colcon.colcon_core.environment:checking '/home/nyp-bot/ydlidar_ros2_ws/install/ydlidar_ros2_driver/lib/pkgconfig/ydlidar_ros2_driver.pc'
[38.216s] Level 1:colcon.colcon_core.environment:checking '/home/nyp-bot/ydlidar_ros2_ws/install/ydlidar_ros2_driver/lib/python3.10/site-packages'
[38.220s] Level 1:colcon.colcon_core.environment:checking '/home/nyp-bot/ydlidar_ros2_ws/install/ydlidar_ros2_driver/bin'
[38.221s] INFO:colcon.colcon_core.shell:Creating package script '/home/nyp-bot/ydlidar_ros2_ws/install/ydlidar_ros2_driver/share/ydlidar_ros2_driver/package.ps1'
[38.227s] INFO:colcon.colcon_core.shell:Creating package descriptor '/home/nyp-bot/ydlidar_ros2_ws/install/ydlidar_ros2_driver/share/ydlidar_ros2_driver/package.dsv'
[38.232s] INFO:colcon.colcon_core.shell:Creating package script '/home/nyp-bot/ydlidar_ros2_ws/install/ydlidar_ros2_driver/share/ydlidar_ros2_driver/package.sh'
[38.238s] INFO:colcon.colcon_core.shell:Creating package script '/home/nyp-bot/ydlidar_ros2_ws/install/ydlidar_ros2_driver/share/ydlidar_ros2_driver/package.bash'
[38.246s] INFO:colcon.colcon_core.shell:Creating package script '/home/nyp-bot/ydlidar_ros2_ws/install/ydlidar_ros2_driver/share/ydlidar_ros2_driver/package.zsh'
[38.254s] Level 1:colcon.colcon_core.environment:create_file_with_runtime_dependencies(/home/nyp-bot/ydlidar_ros2_ws/install/ydlidar_ros2_driver/share/colcon-core/packages/ydlidar_ros2_driver)
[38.271s] DEBUG:colcon.colcon_parallel_executor.executor.parallel:closing loop
[38.272s] DEBUG:colcon.colcon_parallel_executor.executor.parallel:loop closed
[38.272s] DEBUG:colcon.colcon_parallel_executor.executor.parallel:run_until_complete finished with '2'
[38.273s] DEBUG:colcon.colcon_core.event_reactor:joining thread
[38.729s] INFO:colcon.colcon_core.plugin_system:Skipping extension 'colcon_notification.desktop_notification.terminal_notifier': Not used on non-Darwin systems
[38.730s] INFO:colcon.colcon_core.plugin_system:Skipping extension 'colcon_notification.desktop_notification.win32': Not used on non-Windows systems
[38.731s] INFO:colcon.colcon_notification.desktop_notification:Sending desktop notification using 'notify2'
[38.959s] DEBUG:colcon.colcon_core.event_reactor:joined thread
[38.964s] INFO:colcon.colcon_core.shell:Creating prefix script '/home/nyp-bot/ydlidar_ros2_ws/install/local_setup.ps1'
[38.985s] INFO:colcon.colcon_core.shell:Creating prefix util module '/home/nyp-bot/ydlidar_ros2_ws/install/_local_setup_util_ps1.py'
[39.001s] INFO:colcon.colcon_core.shell:Creating prefix chain script '/home/nyp-bot/ydlidar_ros2_ws/install/setup.ps1'
[39.240s] INFO:colcon.colcon_core.shell:Creating prefix script '/home/nyp-bot/ydlidar_ros2_ws/install/local_setup.sh'
[39.247s] INFO:colcon.colcon_core.shell:Creating prefix util module '/home/nyp-bot/ydlidar_ros2_ws/install/_local_setup_util_sh.py'
[39.254s] INFO:colcon.colcon_core.shell:Creating prefix chain script '/home/nyp-bot/ydlidar_ros2_ws/install/setup.sh'
[39.451s] INFO:colcon.colcon_core.shell:Creating prefix script '/home/nyp-bot/ydlidar_ros2_ws/install/local_setup.bash'
[39.455s] INFO:colcon.colcon_core.shell:Creating prefix chain script '/home/nyp-bot/ydlidar_ros2_ws/install/setup.bash'
[39.605s] INFO:colcon.colcon_core.shell:Creating prefix script '/home/nyp-bot/ydlidar_ros2_ws/install/local_setup.zsh'
[39.610s] INFO:colcon.colcon_core.shell:Creating prefix chain script '/home/nyp-bot/ydlidar_ros2_ws/install/setup.zsh'
