[1.289s] DEBUG:colcon:Command line arguments: ['/usr/bin/colcon', 'build']
[1.290s] DEBUG:colcon:Parsed command line arguments: Namespace(log_base=None, log_level=None, verb_name='build', build_base='build', install_base='install', merge_install=False, symlink_install=False, test_result_base=None, continue_on_error=False, executor='parallel', parallel_workers=4, event_handlers=None, ignore_user_meta=False, metas=['./colcon.meta'], base_paths=['.'], packages_ignore=None, packages_ignore_regex=None, paths=None, packages_up_to=None, packages_up_to_regex=None, packages_above=None, packages_above_and_dependencies=None, packages_above_depth=None, packages_select_by_dep=None, packages_skip_by_dep=None, packages_skip_up_to=None, packages_select_build_failed=False, packages_skip_build_finished=False, packages_select_test_failures=False, packages_skip_test_passed=False, packages_select=None, packages_skip=None, packages_select_regex=None, packages_skip_regex=None, packages_start=None, packages_end=None, allow_overriding=[], cmake_args=None, cmake_target=None, cmake_target_skip_unavailable=False, cmake_clean_cache=False, cmake_clean_first=False, cmake_force_configure=False, ament_cmake_args=None, catkin_cmake_args=None, catkin_skip_building_tests=False, mixin_files=None, mixin=None, verb_parser=<colcon_mixin.mixin.mixin_argument.MixinArgumentDecorator object at 0xffffa9cfe8f0>, verb_extension=<colcon_core.verb.build.BuildVerb object at 0xffffa9e93880>, main=<bound method BuildVerb.main of <colcon_core.verb.build.BuildVerb object at 0xffffa9e93880>>, mixin_verb=('build',))
[2.663s] Level 1:colcon.colcon_core.package_discovery:discover_packages(colcon_meta) check parameters
[2.664s] Level 1:colcon.colcon_core.package_discovery:discover_packages(recursive) check parameters
[2.664s] Level 1:colcon.colcon_core.package_discovery:discover_packages(ignore) check parameters
[2.664s] Level 1:colcon.colcon_core.package_discovery:discover_packages(path) check parameters
[2.664s] Level 1:colcon.colcon_core.package_discovery:discover_packages(colcon_meta) discover
[2.664s] Level 1:colcon.colcon_core.package_discovery:discover_packages(recursive) discover
[2.664s] INFO:colcon.colcon_core.package_discovery:Crawling recursively for packages in '/home/nyp-bot/ydlidar_ros2_ws/src'
[2.665s] Level 1:colcon.colcon_core.package_identification:_identify(.) by extensions ['ignore', 'ignore_ament_install']
[2.665s] Level 1:colcon.colcon_core.package_identification:_identify(.) by extension 'ignore'
[2.665s] Level 1:colcon.colcon_core.package_identification:_identify(.) by extension 'ignore_ament_install'
[2.666s] Level 1:colcon.colcon_core.package_identification:_identify(.) by extensions ['colcon_pkg']
[2.666s] Level 1:colcon.colcon_core.package_identification:_identify(.) by extension 'colcon_pkg'
[2.666s] Level 1:colcon.colcon_core.package_identification:_identify(.) by extensions ['colcon_meta']
[2.666s] Level 1:colcon.colcon_core.package_identification:_identify(.) by extension 'colcon_meta'
[2.666s] Level 1:colcon.colcon_core.package_identification:_identify(.) by extensions ['ros']
[2.666s] Level 1:colcon.colcon_core.package_identification:_identify(.) by extension 'ros'
[2.724s] Level 1:colcon.colcon_core.package_identification:_identify(.) by extensions ['cmake', 'python']
[2.725s] Level 1:colcon.colcon_core.package_identification:_identify(.) by extension 'cmake'
[2.725s] Level 1:colcon.colcon_core.package_identification:_identify(.) by extension 'python'
[2.725s] Level 1:colcon.colcon_core.package_identification:_identify(.) by extensions ['python_setup_py']
[2.725s] Level 1:colcon.colcon_core.package_identification:_identify(.) by extension 'python_setup_py'
[2.726s] Level 1:colcon.colcon_core.package_identification:_identify(build) by extensions ['ignore', 'ignore_ament_install']
[2.726s] Level 1:colcon.colcon_core.package_identification:_identify(build) by extension 'ignore'
[2.726s] Level 1:colcon.colcon_core.package_identification:_identify(build) ignored
[2.727s] Level 1:colcon.colcon_core.package_identification:_identify(install) by extensions ['ignore', 'ignore_ament_install']
[2.727s] Level 1:colcon.colcon_core.package_identification:_identify(install) by extension 'ignore'
[2.728s] Level 1:colcon.colcon_core.package_identification:_identify(install) ignored
[2.728s] Level 1:colcon.colcon_core.package_identification:_identify(log) by extensions ['ignore', 'ignore_ament_install']
[2.728s] Level 1:colcon.colcon_core.package_identification:_identify(log) by extension 'ignore'
[2.729s] Level 1:colcon.colcon_core.package_identification:_identify(log) ignored
[2.729s] Level 1:colcon.colcon_core.package_identification:_identify(robot_keyboard) by extensions ['ignore', 'ignore_ament_install']
[2.729s] Level 1:colcon.colcon_core.package_identification:_identify(robot_keyboard) by extension 'ignore'
[2.730s] Level 1:colcon.colcon_core.package_identification:_identify(robot_keyboard) by extension 'ignore_ament_install'
[2.730s] Level 1:colcon.colcon_core.package_identification:_identify(robot_keyboard) by extensions ['colcon_pkg']
[2.730s] Level 1:colcon.colcon_core.package_identification:_identify(robot_keyboard) by extension 'colcon_pkg'
[2.730s] Level 1:colcon.colcon_core.package_identification:_identify(robot_keyboard) by extensions ['colcon_meta']
[2.730s] Level 1:colcon.colcon_core.package_identification:_identify(robot_keyboard) by extension 'colcon_meta'
[2.730s] Level 1:colcon.colcon_core.package_identification:_identify(robot_keyboard) by extensions ['ros']
[2.731s] Level 1:colcon.colcon_core.package_identification:_identify(robot_keyboard) by extension 'ros'
[2.739s] DEBUG:colcon.colcon_core.package_identification:Package 'robot_keyboard' with type 'ros.ament_python' and name 'robot_keyboard'
[2.740s] Level 1:colcon.colcon_core.package_identification:_identify(teleop_twist_keyboard) by extensions ['ignore', 'ignore_ament_install']
[2.740s] Level 1:colcon.colcon_core.package_identification:_identify(teleop_twist_keyboard) by extension 'ignore'
[2.740s] Level 1:colcon.colcon_core.package_identification:_identify(teleop_twist_keyboard) by extension 'ignore_ament_install'
[2.741s] Level 1:colcon.colcon_core.package_identification:_identify(teleop_twist_keyboard) by extensions ['colcon_pkg']
[2.741s] Level 1:colcon.colcon_core.package_identification:_identify(teleop_twist_keyboard) by extension 'colcon_pkg'
[2.741s] Level 1:colcon.colcon_core.package_identification:_identify(teleop_twist_keyboard) by extensions ['colcon_meta']
[2.741s] Level 1:colcon.colcon_core.package_identification:_identify(teleop_twist_keyboard) by extension 'colcon_meta'
[2.741s] Level 1:colcon.colcon_core.package_identification:_identify(teleop_twist_keyboard) by extensions ['ros']
[2.741s] Level 1:colcon.colcon_core.package_identification:_identify(teleop_twist_keyboard) by extension 'ros'
[2.744s] DEBUG:colcon.colcon_core.package_identification:Package 'teleop_twist_keyboard' with type 'ros.ament_python' and name 'teleop_twist_keyboard'
[2.745s] Level 1:colcon.colcon_core.package_identification:_identify(ydlidar_ros2_driver) by extensions ['ignore', 'ignore_ament_install']
[2.745s] Level 1:colcon.colcon_core.package_identification:_identify(ydlidar_ros2_driver) by extension 'ignore'
[2.745s] Level 1:colcon.colcon_core.package_identification:_identify(ydlidar_ros2_driver) by extension 'ignore_ament_install'
[2.746s] Level 1:colcon.colcon_core.package_identification:_identify(ydlidar_ros2_driver) by extensions ['colcon_pkg']
[2.746s] Level 1:colcon.colcon_core.package_identification:_identify(ydlidar_ros2_driver) by extension 'colcon_pkg'
[2.746s] Level 1:colcon.colcon_core.package_identification:_identify(ydlidar_ros2_driver) by extensions ['colcon_meta']
[2.746s] Level 1:colcon.colcon_core.package_identification:_identify(ydlidar_ros2_driver) by extension 'colcon_meta'
[2.746s] Level 1:colcon.colcon_core.package_identification:_identify(ydlidar_ros2_driver) by extensions ['ros']
[2.746s] Level 1:colcon.colcon_core.package_identification:_identify(ydlidar_ros2_driver) by extension 'ros'
[2.749s] DEBUG:colcon.colcon_core.package_identification:Package 'ydlidar_ros2_driver' with type 'ros.ament_cmake' and name 'ydlidar_ros2_driver'
[2.749s] Level 1:colcon.colcon_core.package_discovery:discover_packages(recursive) using defaults
[2.749s] Level 1:colcon.colcon_core.package_discovery:discover_packages(ignore) discover
[2.749s] Level 1:colcon.colcon_core.package_discovery:discover_packages(ignore) using defaults
[2.750s] Level 1:colcon.colcon_core.package_discovery:discover_packages(path) discover
[2.750s] Level 1:colcon.colcon_core.package_discovery:discover_packages(path) using defaults
[2.982s] Level 1:colcon.colcon_core.package_discovery:discover_packages(prefix_path) check parameters
[2.982s] Level 1:colcon.colcon_core.package_discovery:discover_packages(prefix_path) discover
[3.077s] DEBUG:colcon.colcon_installed_package_information.package_discovery:Found 1 installed packages in /home/nyp-bot/ydlidar_ros2_driver-master/install
[3.128s] DEBUG:colcon.colcon_installed_package_information.package_discovery:Found 319 installed packages in /home/nyp-bot/ros2_humble/install
[3.141s] DEBUG:colcon.colcon_installed_package_information.package_discovery:Found 130 installed packages in /opt/ros/humble
[3.170s] Level 1:colcon.colcon_core.package_discovery:discover_packages(prefix_path) using defaults
[3.375s] Level 5:colcon.colcon_core.verb:set package 'robot_keyboard' build argument 'cmake_args' from command line to 'None'
[3.375s] Level 5:colcon.colcon_core.verb:set package 'robot_keyboard' build argument 'cmake_target' from command line to 'None'
[3.376s] Level 5:colcon.colcon_core.verb:set package 'robot_keyboard' build argument 'cmake_target_skip_unavailable' from command line to 'False'
[3.376s] Level 5:colcon.colcon_core.verb:set package 'robot_keyboard' build argument 'cmake_clean_cache' from command line to 'False'
[3.376s] Level 5:colcon.colcon_core.verb:set package 'robot_keyboard' build argument 'cmake_clean_first' from command line to 'False'
[3.376s] Level 5:colcon.colcon_core.verb:set package 'robot_keyboard' build argument 'cmake_force_configure' from command line to 'False'
[3.376s] Level 5:colcon.colcon_core.verb:set package 'robot_keyboard' build argument 'ament_cmake_args' from command line to 'None'
[3.376s] Level 5:colcon.colcon_core.verb:set package 'robot_keyboard' build argument 'catkin_cmake_args' from command line to 'None'
[3.376s] Level 5:colcon.colcon_core.verb:set package 'robot_keyboard' build argument 'catkin_skip_building_tests' from command line to 'False'
[3.376s] DEBUG:colcon.colcon_core.verb:Building package 'robot_keyboard' with the following arguments: {'ament_cmake_args': None, 'build_base': '/home/nyp-bot/ydlidar_ros2_ws/src/build/robot_keyboard', 'catkin_cmake_args': None, 'catkin_skip_building_tests': False, 'cmake_args': None, 'cmake_clean_cache': False, 'cmake_clean_first': False, 'cmake_force_configure': False, 'cmake_target': None, 'cmake_target_skip_unavailable': False, 'install_base': '/home/nyp-bot/ydlidar_ros2_ws/src/install/robot_keyboard', 'merge_install': False, 'path': '/home/nyp-bot/ydlidar_ros2_ws/src/robot_keyboard', 'symlink_install': False, 'test_result_base': None}
[3.378s] Level 5:colcon.colcon_core.verb:set package 'teleop_twist_keyboard' build argument 'cmake_args' from command line to 'None'
[3.378s] Level 5:colcon.colcon_core.verb:set package 'teleop_twist_keyboard' build argument 'cmake_target' from command line to 'None'
[3.378s] Level 5:colcon.colcon_core.verb:set package 'teleop_twist_keyboard' build argument 'cmake_target_skip_unavailable' from command line to 'False'
[3.378s] Level 5:colcon.colcon_core.verb:set package 'teleop_twist_keyboard' build argument 'cmake_clean_cache' from command line to 'False'
[3.378s] Level 5:colcon.colcon_core.verb:set package 'teleop_twist_keyboard' build argument 'cmake_clean_first' from command line to 'False'
[3.378s] Level 5:colcon.colcon_core.verb:set package 'teleop_twist_keyboard' build argument 'cmake_force_configure' from command line to 'False'
[3.378s] Level 5:colcon.colcon_core.verb:set package 'teleop_twist_keyboard' build argument 'ament_cmake_args' from command line to 'None'
[3.378s] Level 5:colcon.colcon_core.verb:set package 'teleop_twist_keyboard' build argument 'catkin_cmake_args' from command line to 'None'
[3.379s] Level 5:colcon.colcon_core.verb:set package 'teleop_twist_keyboard' build argument 'catkin_skip_building_tests' from command line to 'False'
[3.379s] DEBUG:colcon.colcon_core.verb:Building package 'teleop_twist_keyboard' with the following arguments: {'ament_cmake_args': None, 'build_base': '/home/nyp-bot/ydlidar_ros2_ws/src/build/teleop_twist_keyboard', 'catkin_cmake_args': None, 'catkin_skip_building_tests': False, 'cmake_args': None, 'cmake_clean_cache': False, 'cmake_clean_first': False, 'cmake_force_configure': False, 'cmake_target': None, 'cmake_target_skip_unavailable': False, 'install_base': '/home/nyp-bot/ydlidar_ros2_ws/src/install/teleop_twist_keyboard', 'merge_install': False, 'path': '/home/nyp-bot/ydlidar_ros2_ws/src/teleop_twist_keyboard', 'symlink_install': False, 'test_result_base': None}
[3.380s] Level 5:colcon.colcon_core.verb:set package 'ydlidar_ros2_driver' build argument 'cmake_args' from command line to 'None'
[3.380s] Level 5:colcon.colcon_core.verb:set package 'ydlidar_ros2_driver' build argument 'cmake_target' from command line to 'None'
[3.380s] Level 5:colcon.colcon_core.verb:set package 'ydlidar_ros2_driver' build argument 'cmake_target_skip_unavailable' from command line to 'False'
[3.381s] Level 5:colcon.colcon_core.verb:set package 'ydlidar_ros2_driver' build argument 'cmake_clean_cache' from command line to 'False'
[3.381s] Level 5:colcon.colcon_core.verb:set package 'ydlidar_ros2_driver' build argument 'cmake_clean_first' from command line to 'False'
[3.381s] Level 5:colcon.colcon_core.verb:set package 'ydlidar_ros2_driver' build argument 'cmake_force_configure' from command line to 'False'
[3.381s] Level 5:colcon.colcon_core.verb:set package 'ydlidar_ros2_driver' build argument 'ament_cmake_args' from command line to 'None'
[3.381s] Level 5:colcon.colcon_core.verb:set package 'ydlidar_ros2_driver' build argument 'catkin_cmake_args' from command line to 'None'
[3.381s] Level 5:colcon.colcon_core.verb:set package 'ydlidar_ros2_driver' build argument 'catkin_skip_building_tests' from command line to 'False'
[3.381s] DEBUG:colcon.colcon_core.verb:Building package 'ydlidar_ros2_driver' with the following arguments: {'ament_cmake_args': None, 'build_base': '/home/nyp-bot/ydlidar_ros2_ws/src/build/ydlidar_ros2_driver', 'catkin_cmake_args': None, 'catkin_skip_building_tests': False, 'cmake_args': None, 'cmake_clean_cache': False, 'cmake_clean_first': False, 'cmake_force_configure': False, 'cmake_target': None, 'cmake_target_skip_unavailable': False, 'install_base': '/home/nyp-bot/ydlidar_ros2_ws/src/install/ydlidar_ros2_driver', 'merge_install': False, 'path': '/home/nyp-bot/ydlidar_ros2_ws/src/ydlidar_ros2_driver', 'symlink_install': False, 'test_result_base': None}
[3.382s] INFO:colcon.colcon_core.executor:Executing jobs using 'parallel' executor
[3.385s] DEBUG:colcon.colcon_parallel_executor.executor.parallel:run_until_complete
[3.386s] INFO:colcon.colcon_ros.task.ament_python.build:Building ROS package in '/home/nyp-bot/ydlidar_ros2_ws/src/robot_keyboard' with build type 'ament_python'
[3.387s] Level 1:colcon.colcon_core.shell:create_environment_hook('robot_keyboard', 'ament_prefix_path')
[3.421s] INFO:colcon.colcon_core.plugin_system:Skipping extension 'colcon_core.shell.bat': Not used on non-Windows systems
[3.422s] INFO:colcon.colcon_core.shell:Creating environment hook '/home/nyp-bot/ydlidar_ros2_ws/src/install/robot_keyboard/share/robot_keyboard/hook/ament_prefix_path.ps1'
[3.426s] INFO:colcon.colcon_core.shell:Creating environment descriptor '/home/nyp-bot/ydlidar_ros2_ws/src/install/robot_keyboard/share/robot_keyboard/hook/ament_prefix_path.dsv'
[3.428s] INFO:colcon.colcon_core.shell:Creating environment hook '/home/nyp-bot/ydlidar_ros2_ws/src/install/robot_keyboard/share/robot_keyboard/hook/ament_prefix_path.sh'
[3.431s] INFO:colcon.colcon_core.shell:Skip shell extension 'powershell' for command environment: Not usable outside of PowerShell
[3.431s] DEBUG:colcon.colcon_core.shell:Skip shell extension 'dsv' for command environment
[3.597s] INFO:colcon.colcon_ros.task.ament_python.build:Building ROS package in '/home/nyp-bot/ydlidar_ros2_ws/src/teleop_twist_keyboard' with build type 'ament_python'
[3.598s] Level 1:colcon.colcon_core.shell:create_environment_hook('teleop_twist_keyboard', 'ament_prefix_path')
[3.599s] INFO:colcon.colcon_core.shell:Creating environment hook '/home/nyp-bot/ydlidar_ros2_ws/src/install/teleop_twist_keyboard/share/teleop_twist_keyboard/hook/ament_prefix_path.ps1'
[3.602s] INFO:colcon.colcon_core.shell:Creating environment descriptor '/home/nyp-bot/ydlidar_ros2_ws/src/install/teleop_twist_keyboard/share/teleop_twist_keyboard/hook/ament_prefix_path.dsv'
[3.603s] INFO:colcon.colcon_core.shell:Creating environment hook '/home/nyp-bot/ydlidar_ros2_ws/src/install/teleop_twist_keyboard/share/teleop_twist_keyboard/hook/ament_prefix_path.sh'
[3.606s] INFO:colcon.colcon_core.shell:Skip shell extension 'powershell' for command environment: Not usable outside of PowerShell
[3.606s] DEBUG:colcon.colcon_core.shell:Skip shell extension 'dsv' for command environment
[3.773s] INFO:colcon.colcon_ros.task.ament_cmake.build:Building ROS package in '/home/nyp-bot/ydlidar_ros2_ws/src/ydlidar_ros2_driver' with build type 'ament_cmake'
[3.774s] INFO:colcon.colcon_cmake.task.cmake.build:Building CMake package in '/home/nyp-bot/ydlidar_ros2_ws/src/ydlidar_ros2_driver'
[3.775s] INFO:colcon.colcon_core.shell:Skip shell extension 'powershell' for command environment: Not usable outside of PowerShell
[3.775s] DEBUG:colcon.colcon_core.shell:Skip shell extension 'dsv' for command environment
[6.865s] INFO:colcon.colcon_core.task.python.build:Building Python package in '/home/nyp-bot/ydlidar_ros2_ws/src/robot_keyboard'
[6.866s] INFO:colcon.colcon_core.shell:Skip shell extension 'powershell' for command environment: Not usable outside of PowerShell
[6.866s] DEBUG:colcon.colcon_core.shell:Skip shell extension 'dsv' for command environment
[9.937s] INFO:colcon.colcon_core.task.python.build:Building Python package in '/home/nyp-bot/ydlidar_ros2_ws/src/teleop_twist_keyboard'
[9.938s] INFO:colcon.colcon_core.shell:Skip shell extension 'powershell' for command environment: Not usable outside of PowerShell
[9.938s] DEBUG:colcon.colcon_core.shell:Skip shell extension 'dsv' for command environment
[10.126s] DEBUG:colcon.colcon_core.event_handler.log_command:Invoking command in '/home/nyp-bot/ydlidar_ros2_ws/src/build/ydlidar_ros2_driver': CMAKE_PREFIX_PATH=${CMAKE_PREFIX_PATH}:/opt/ros/humble:/home/nyp-bot/ros2_humble/install/tracetools_test:/home/nyp-bot/ros2_humble/install/tracetools_launch:/home/nyp-bot/ros2_humble/install/topic_monitor:/home/nyp-bot/ros2_humble/install/tf2_tools:/home/nyp-bot/ros2_humble/install/examples_tf2_py:/home/nyp-bot/ros2_humble/install/tf2_ros_py:/home/nyp-bot/ros2_humble/install/sros2:/home/nyp-bot/ros2_humble/install/rqt_topic:/home/nyp-bot/ros2_humble/install/rqt_srv:/home/nyp-bot/ros2_humble/install/rqt_shell:/home/nyp-bot/ros2_humble/install/rqt_service_caller:/home/nyp-bot/ros2_humble/install/rqt_reconfigure:/home/nyp-bot/ros2_humble/install/rqt_py_console:/home/nyp-bot/ros2_humble/install/rqt_publisher:/home/nyp-bot/ros2_humble/install/rqt_plot:/home/nyp-bot/ros2_humble/install/rqt_action:/home/nyp-bot/ros2_humble/install/rqt_msg:/home/nyp-bot/ros2_humble/install/rqt_console:/home/nyp-bot/ros2_humble/install/rqt_graph:/home/nyp-bot/ros2_humble/install/rqt_gui_py:/home/nyp-bot/ros2_humble/install/rqt_gui:/home/nyp-bot/ros2_humble/install/ros2trace:/home/nyp-bot/ros2_humble/install/ros2topic:/home/nyp-bot/ros2_humble/install/ros2test:/home/nyp-bot/ros2_humble/install/ros2component:/home/nyp-bot/ros2_humble/install/ros2param:/home/nyp-bot/ros2_humble/install/ros2lifecycle:/home/nyp-bot/ros2_humble/install/ros2service:/home/nyp-bot/ros2_humble/install/ros2run:/home/nyp-bot/ros2_humble/install/ros2plugin:/home/nyp-bot/ros2_humble/install/ros2launch:/home/nyp-bot/ros2_humble/install/ros2pkg:/home/nyp-bot/ros2_humble/install/ros2node:/home/nyp-bot/ros2_humble/install/ros2multicast:/home/nyp-bot/ros2_humble/install/ros2interface:/home/nyp-bot/ros2_humble/install/ros2doctor:/home/nyp-bot/ros2_humble/install/ros2action:/home/nyp-bot/ros2_humble/install/ros2cli:/home/nyp-bot/ros2_humble/install/quality_of_service_demo_py:/home/nyp-bot/ros2_humble/install/launch_testing_ros:/home/nyp-bot/ros2_humble/install/launch_ros:/home/nyp-bot/ros2_humble/install/examples_rclpy_pointcloud_publisher:/home/nyp-bot/ros2_humble/install/examples_rclpy_minimal_subscriber:/home/nyp-bot/ros2_humble/install/examples_rclpy_minimal_service:/home/nyp-bot/ros2_humble/install/examples_rclpy_minimal_publisher:/home/nyp-bot/ros2_humble/install/examples_rclpy_minimal_client:/home/nyp-bot/ros2_humble/install/examples_rclpy_minimal_action_server:/home/nyp-bot/ros2_humble/install/examples_rclpy_minimal_action_client:/home/nyp-bot/ros2_humble/install/examples_rclpy_guard_conditions:/home/nyp-bot/ros2_humble/install/examples_rclpy_executors:/home/nyp-bot/ros2_humble/install/demo_nodes_py:/home/nyp-bot/ros2_humble/install/camera_info_manager_py:/home/nyp-bot/ros2_humble/install/action_tutorials_py:/home/nyp-bot/ros2_humble/install/ament_uncrustify:/home/nyp-bot/ros2_humble/install/tracetools_trace:/home/nyp-bot/ros2_humble/install/tracetools_read:/home/nyp-bot/ros2_humble/install/sensor_msgs_py:/home/nyp-bot/ros2_humble/install/rpyutils:/home/nyp-bot/ros2_humble/install/rosidl_runtime_py:/home/nyp-bot/ros2_humble/install/rosidl_cli:/home/nyp-bot/ros2_humble/install/launch_pytest:/home/nyp-bot/ros2_humble/install/launch_testing:/home/nyp-bot/ros2_humble/install/launch_yaml:/home/nyp-bot/ros2_humble/install/launch_xml:/home/nyp-bot/ros2_humble/install/launch:/home/nyp-bot/ros2_humble/install/osrf_pycommon:/home/nyp-bot/ros2_humble/install/domain_coordinator:/home/nyp-bot/ros2_humble/install/ament_xmllint:/home/nyp-bot/ros2_humble/install/ament_pyflakes:/home/nyp-bot/ros2_humble/install/ament_pycodestyle:/home/nyp-bot/ros2_humble/install/ament_pep257:/home/nyp-bot/ros2_humble/install/ament_pclint:/home/nyp-bot/ros2_humble/install/ament_package:/home/nyp-bot/ros2_humble/install/ament_mypy:/home/nyp-bot/ros2_humble/install/ament_lint_cmake:/home/nyp-bot/ros2_humble/install/ament_flake8:/home/nyp-bot/ros2_humble/install/ament_copyright:/home/nyp-bot/ros2_humble/install/ament_lint:/home/nyp-bot/ros2_humble/install/ament_index_python:/home/nyp-bot/ros2_humble/install/ament_cpplint:/home/nyp-bot/ros2_humble/install/ament_cppcheck:/home/nyp-bot/ros2_humble/install/ament_clang_tidy:/home/nyp-bot/ros2_humble/install/ament_clang_format /usr/bin/cmake /home/nyp-bot/ydlidar_ros2_ws/src/ydlidar_ros2_driver -DCMAKE_INSTALL_PREFIX=/home/nyp-bot/ydlidar_ros2_ws/src/install/ydlidar_ros2_driver
[14.433s] DEBUG:colcon.colcon_core.event_handler.log_command:Invoking command in '/home/nyp-bot/ydlidar_ros2_ws/src/robot_keyboard': PYTHONPATH=/home/nyp-bot/ydlidar_ros2_ws/src/build/robot_keyboard/prefix_override:/usr/lib/python3/dist-packages/colcon_core/task/python/colcon_distutils_commands:/home/nyp-bot/ydlidar_ros2_ws/src/install/robot_keyboard/lib/python3.10/site-packages:${PYTHONPATH} /usr/bin/python3 -W ignore:setup.py install is deprecated -W ignore:easy_install command is deprecated setup.py egg_info --egg-base ../build/robot_keyboard build --build-base /home/nyp-bot/ydlidar_ros2_ws/src/build/robot_keyboard/build install --record /home/nyp-bot/ydlidar_ros2_ws/src/build/robot_keyboard/install.log --single-version-externally-managed install_data
[14.458s] DEBUG:colcon.colcon_core.event_handler.log_command:Invoking command in '/home/nyp-bot/ydlidar_ros2_ws/src/teleop_twist_keyboard': PYTHONPATH=/home/nyp-bot/ydlidar_ros2_ws/src/build/teleop_twist_keyboard/prefix_override:/usr/lib/python3/dist-packages/colcon_core/task/python/colcon_distutils_commands:/home/nyp-bot/ydlidar_ros2_ws/src/install/teleop_twist_keyboard/lib/python3.10/site-packages:${PYTHONPATH} /usr/bin/python3 -W ignore:setup.py install is deprecated -W ignore:easy_install command is deprecated setup.py egg_info --egg-base ../build/teleop_twist_keyboard build --build-base /home/nyp-bot/ydlidar_ros2_ws/src/build/teleop_twist_keyboard/build install --record /home/nyp-bot/ydlidar_ros2_ws/src/build/teleop_twist_keyboard/install.log --single-version-externally-managed install_data
[18.086s] DEBUG:colcon.colcon_core.event_handler.log_command:Invoked command in '/home/nyp-bot/ydlidar_ros2_ws/src/robot_keyboard' returned '0': PYTHONPATH=/home/nyp-bot/ydlidar_ros2_ws/src/build/robot_keyboard/prefix_override:/usr/lib/python3/dist-packages/colcon_core/task/python/colcon_distutils_commands:/home/nyp-bot/ydlidar_ros2_ws/src/install/robot_keyboard/lib/python3.10/site-packages:${PYTHONPATH} /usr/bin/python3 -W ignore:setup.py install is deprecated -W ignore:easy_install command is deprecated setup.py egg_info --egg-base ../build/robot_keyboard build --build-base /home/nyp-bot/ydlidar_ros2_ws/src/build/robot_keyboard/build install --record /home/nyp-bot/ydlidar_ros2_ws/src/build/robot_keyboard/install.log --single-version-externally-managed install_data
[18.122s] Level 1:colcon.colcon_core.environment:checking '/home/nyp-bot/ydlidar_ros2_ws/src/install/robot_keyboard' for CMake module files
[18.124s] Level 1:colcon.colcon_core.environment:checking '/home/nyp-bot/ydlidar_ros2_ws/src/install/robot_keyboard' for CMake config files
[18.127s] Level 1:colcon.colcon_core.environment:checking '/home/nyp-bot/ydlidar_ros2_ws/src/install/robot_keyboard/lib'
[18.128s] Level 1:colcon.colcon_core.environment:checking '/home/nyp-bot/ydlidar_ros2_ws/src/install/robot_keyboard/bin'
[18.129s] Level 1:colcon.colcon_core.environment:checking '/home/nyp-bot/ydlidar_ros2_ws/src/install/robot_keyboard/lib/pkgconfig/robot_keyboard.pc'
[18.129s] Level 1:colcon.colcon_core.environment:checking '/home/nyp-bot/ydlidar_ros2_ws/src/install/robot_keyboard/lib/python3.10/site-packages'
[18.130s] Level 1:colcon.colcon_core.shell:create_environment_hook('robot_keyboard', 'pythonpath')
[18.130s] INFO:colcon.colcon_core.shell:Creating environment hook '/home/nyp-bot/ydlidar_ros2_ws/src/install/robot_keyboard/share/robot_keyboard/hook/pythonpath.ps1'
[18.132s] INFO:colcon.colcon_core.shell:Creating environment descriptor '/home/nyp-bot/ydlidar_ros2_ws/src/install/robot_keyboard/share/robot_keyboard/hook/pythonpath.dsv'
[18.134s] INFO:colcon.colcon_core.shell:Creating environment hook '/home/nyp-bot/ydlidar_ros2_ws/src/install/robot_keyboard/share/robot_keyboard/hook/pythonpath.sh'
[18.137s] Level 1:colcon.colcon_core.environment:checking '/home/nyp-bot/ydlidar_ros2_ws/src/install/robot_keyboard/bin'
[18.137s] Level 1:colcon.colcon_core.environment:create_environment_scripts_only(robot_keyboard)
[18.138s] INFO:colcon.colcon_core.shell:Creating package script '/home/nyp-bot/ydlidar_ros2_ws/src/install/robot_keyboard/share/robot_keyboard/package.ps1'
[18.142s] INFO:colcon.colcon_core.shell:Creating package descriptor '/home/nyp-bot/ydlidar_ros2_ws/src/install/robot_keyboard/share/robot_keyboard/package.dsv'
[18.145s] INFO:colcon.colcon_core.shell:Creating package script '/home/nyp-bot/ydlidar_ros2_ws/src/install/robot_keyboard/share/robot_keyboard/package.sh'
[18.148s] INFO:colcon.colcon_core.shell:Creating package script '/home/nyp-bot/ydlidar_ros2_ws/src/install/robot_keyboard/share/robot_keyboard/package.bash'
[18.151s] INFO:colcon.colcon_core.shell:Creating package script '/home/nyp-bot/ydlidar_ros2_ws/src/install/robot_keyboard/share/robot_keyboard/package.zsh'
[18.154s] Level 1:colcon.colcon_core.environment:create_file_with_runtime_dependencies(/home/nyp-bot/ydlidar_ros2_ws/src/install/robot_keyboard/share/colcon-core/packages/robot_keyboard)
[18.159s] Level 1:colcon.colcon_core.environment:checking '/home/nyp-bot/ydlidar_ros2_ws/src/install/teleop_twist_keyboard' for CMake module files
[18.162s] DEBUG:colcon.colcon_core.event_handler.log_command:Invoked command in '/home/nyp-bot/ydlidar_ros2_ws/src/teleop_twist_keyboard' returned '0': PYTHONPATH=/home/nyp-bot/ydlidar_ros2_ws/src/build/teleop_twist_keyboard/prefix_override:/usr/lib/python3/dist-packages/colcon_core/task/python/colcon_distutils_commands:/home/nyp-bot/ydlidar_ros2_ws/src/install/teleop_twist_keyboard/lib/python3.10/site-packages:${PYTHONPATH} /usr/bin/python3 -W ignore:setup.py install is deprecated -W ignore:easy_install command is deprecated setup.py egg_info --egg-base ../build/teleop_twist_keyboard build --build-base /home/nyp-bot/ydlidar_ros2_ws/src/build/teleop_twist_keyboard/build install --record /home/nyp-bot/ydlidar_ros2_ws/src/build/teleop_twist_keyboard/install.log --single-version-externally-managed install_data
[18.163s] Level 1:colcon.colcon_core.environment:checking '/home/nyp-bot/ydlidar_ros2_ws/src/install/teleop_twist_keyboard' for CMake config files
[18.166s] Level 1:colcon.colcon_core.environment:checking '/home/nyp-bot/ydlidar_ros2_ws/src/install/teleop_twist_keyboard/lib'
[18.166s] Level 1:colcon.colcon_core.environment:checking '/home/nyp-bot/ydlidar_ros2_ws/src/install/teleop_twist_keyboard/bin'
[18.167s] Level 1:colcon.colcon_core.environment:checking '/home/nyp-bot/ydlidar_ros2_ws/src/install/teleop_twist_keyboard/lib/pkgconfig/teleop_twist_keyboard.pc'
[18.167s] Level 1:colcon.colcon_core.environment:checking '/home/nyp-bot/ydlidar_ros2_ws/src/install/teleop_twist_keyboard/lib/python3.10/site-packages'
[18.168s] Level 1:colcon.colcon_core.shell:create_environment_hook('teleop_twist_keyboard', 'pythonpath')
[18.169s] INFO:colcon.colcon_core.shell:Creating environment hook '/home/nyp-bot/ydlidar_ros2_ws/src/install/teleop_twist_keyboard/share/teleop_twist_keyboard/hook/pythonpath.ps1'
[18.171s] INFO:colcon.colcon_core.shell:Creating environment descriptor '/home/nyp-bot/ydlidar_ros2_ws/src/install/teleop_twist_keyboard/share/teleop_twist_keyboard/hook/pythonpath.dsv'
[18.173s] INFO:colcon.colcon_core.shell:Creating environment hook '/home/nyp-bot/ydlidar_ros2_ws/src/install/teleop_twist_keyboard/share/teleop_twist_keyboard/hook/pythonpath.sh'
[18.177s] Level 1:colcon.colcon_core.environment:checking '/home/nyp-bot/ydlidar_ros2_ws/src/install/teleop_twist_keyboard/bin'
[18.177s] Level 1:colcon.colcon_core.environment:create_environment_scripts_only(teleop_twist_keyboard)
[18.179s] INFO:colcon.colcon_core.shell:Creating package script '/home/nyp-bot/ydlidar_ros2_ws/src/install/teleop_twist_keyboard/share/teleop_twist_keyboard/package.ps1'
[18.181s] INFO:colcon.colcon_core.shell:Creating package descriptor '/home/nyp-bot/ydlidar_ros2_ws/src/install/teleop_twist_keyboard/share/teleop_twist_keyboard/package.dsv'
[18.183s] INFO:colcon.colcon_core.shell:Creating package script '/home/nyp-bot/ydlidar_ros2_ws/src/install/teleop_twist_keyboard/share/teleop_twist_keyboard/package.sh'
[18.185s] INFO:colcon.colcon_core.shell:Creating package script '/home/nyp-bot/ydlidar_ros2_ws/src/install/teleop_twist_keyboard/share/teleop_twist_keyboard/package.bash'
[18.188s] INFO:colcon.colcon_core.shell:Creating package script '/home/nyp-bot/ydlidar_ros2_ws/src/install/teleop_twist_keyboard/share/teleop_twist_keyboard/package.zsh'
[18.189s] Level 1:colcon.colcon_core.environment:create_file_with_runtime_dependencies(/home/nyp-bot/ydlidar_ros2_ws/src/install/teleop_twist_keyboard/share/colcon-core/packages/teleop_twist_keyboard)
[50.161s] DEBUG:colcon.colcon_core.event_handler.log_command:Invoked command in '/home/nyp-bot/ydlidar_ros2_ws/src/build/ydlidar_ros2_driver' returned '0': CMAKE_PREFIX_PATH=${CMAKE_PREFIX_PATH}:/opt/ros/humble:/home/nyp-bot/ros2_humble/install/tracetools_test:/home/nyp-bot/ros2_humble/install/tracetools_launch:/home/nyp-bot/ros2_humble/install/topic_monitor:/home/nyp-bot/ros2_humble/install/tf2_tools:/home/nyp-bot/ros2_humble/install/examples_tf2_py:/home/nyp-bot/ros2_humble/install/tf2_ros_py:/home/nyp-bot/ros2_humble/install/sros2:/home/nyp-bot/ros2_humble/install/rqt_topic:/home/nyp-bot/ros2_humble/install/rqt_srv:/home/nyp-bot/ros2_humble/install/rqt_shell:/home/nyp-bot/ros2_humble/install/rqt_service_caller:/home/nyp-bot/ros2_humble/install/rqt_reconfigure:/home/nyp-bot/ros2_humble/install/rqt_py_console:/home/nyp-bot/ros2_humble/install/rqt_publisher:/home/nyp-bot/ros2_humble/install/rqt_plot:/home/nyp-bot/ros2_humble/install/rqt_action:/home/nyp-bot/ros2_humble/install/rqt_msg:/home/nyp-bot/ros2_humble/install/rqt_console:/home/nyp-bot/ros2_humble/install/rqt_graph:/home/nyp-bot/ros2_humble/install/rqt_gui_py:/home/nyp-bot/ros2_humble/install/rqt_gui:/home/nyp-bot/ros2_humble/install/ros2trace:/home/nyp-bot/ros2_humble/install/ros2topic:/home/nyp-bot/ros2_humble/install/ros2test:/home/nyp-bot/ros2_humble/install/ros2component:/home/nyp-bot/ros2_humble/install/ros2param:/home/nyp-bot/ros2_humble/install/ros2lifecycle:/home/nyp-bot/ros2_humble/install/ros2service:/home/nyp-bot/ros2_humble/install/ros2run:/home/nyp-bot/ros2_humble/install/ros2plugin:/home/nyp-bot/ros2_humble/install/ros2launch:/home/nyp-bot/ros2_humble/install/ros2pkg:/home/nyp-bot/ros2_humble/install/ros2node:/home/nyp-bot/ros2_humble/install/ros2multicast:/home/nyp-bot/ros2_humble/install/ros2interface:/home/nyp-bot/ros2_humble/install/ros2doctor:/home/nyp-bot/ros2_humble/install/ros2action:/home/nyp-bot/ros2_humble/install/ros2cli:/home/nyp-bot/ros2_humble/install/quality_of_service_demo_py:/home/nyp-bot/ros2_humble/install/launch_testing_ros:/home/nyp-bot/ros2_humble/install/launch_ros:/home/nyp-bot/ros2_humble/install/examples_rclpy_pointcloud_publisher:/home/nyp-bot/ros2_humble/install/examples_rclpy_minimal_subscriber:/home/nyp-bot/ros2_humble/install/examples_rclpy_minimal_service:/home/nyp-bot/ros2_humble/install/examples_rclpy_minimal_publisher:/home/nyp-bot/ros2_humble/install/examples_rclpy_minimal_client:/home/nyp-bot/ros2_humble/install/examples_rclpy_minimal_action_server:/home/nyp-bot/ros2_humble/install/examples_rclpy_minimal_action_client:/home/nyp-bot/ros2_humble/install/examples_rclpy_guard_conditions:/home/nyp-bot/ros2_humble/install/examples_rclpy_executors:/home/nyp-bot/ros2_humble/install/demo_nodes_py:/home/nyp-bot/ros2_humble/install/camera_info_manager_py:/home/nyp-bot/ros2_humble/install/action_tutorials_py:/home/nyp-bot/ros2_humble/install/ament_uncrustify:/home/nyp-bot/ros2_humble/install/tracetools_trace:/home/nyp-bot/ros2_humble/install/tracetools_read:/home/nyp-bot/ros2_humble/install/sensor_msgs_py:/home/nyp-bot/ros2_humble/install/rpyutils:/home/nyp-bot/ros2_humble/install/rosidl_runtime_py:/home/nyp-bot/ros2_humble/install/rosidl_cli:/home/nyp-bot/ros2_humble/install/launch_pytest:/home/nyp-bot/ros2_humble/install/launch_testing:/home/nyp-bot/ros2_humble/install/launch_yaml:/home/nyp-bot/ros2_humble/install/launch_xml:/home/nyp-bot/ros2_humble/install/launch:/home/nyp-bot/ros2_humble/install/osrf_pycommon:/home/nyp-bot/ros2_humble/install/domain_coordinator:/home/nyp-bot/ros2_humble/install/ament_xmllint:/home/nyp-bot/ros2_humble/install/ament_pyflakes:/home/nyp-bot/ros2_humble/install/ament_pycodestyle:/home/nyp-bot/ros2_humble/install/ament_pep257:/home/nyp-bot/ros2_humble/install/ament_pclint:/home/nyp-bot/ros2_humble/install/ament_package:/home/nyp-bot/ros2_humble/install/ament_mypy:/home/nyp-bot/ros2_humble/install/ament_lint_cmake:/home/nyp-bot/ros2_humble/install/ament_flake8:/home/nyp-bot/ros2_humble/install/ament_copyright:/home/nyp-bot/ros2_humble/install/ament_lint:/home/nyp-bot/ros2_humble/install/ament_index_python:/home/nyp-bot/ros2_humble/install/ament_cpplint:/home/nyp-bot/ros2_humble/install/ament_cppcheck:/home/nyp-bot/ros2_humble/install/ament_clang_tidy:/home/nyp-bot/ros2_humble/install/ament_clang_format /usr/bin/cmake /home/nyp-bot/ydlidar_ros2_ws/src/ydlidar_ros2_driver -DCMAKE_INSTALL_PREFIX=/home/nyp-bot/ydlidar_ros2_ws/src/install/ydlidar_ros2_driver
[50.185s] DEBUG:colcon.colcon_core.event_handler.log_command:Invoking command in '/home/nyp-bot/ydlidar_ros2_ws/src/build/ydlidar_ros2_driver': CMAKE_PREFIX_PATH=${CMAKE_PREFIX_PATH}:/opt/ros/humble:/home/nyp-bot/ros2_humble/install/tracetools_test:/home/nyp-bot/ros2_humble/install/tracetools_launch:/home/nyp-bot/ros2_humble/install/topic_monitor:/home/nyp-bot/ros2_humble/install/tf2_tools:/home/nyp-bot/ros2_humble/install/examples_tf2_py:/home/nyp-bot/ros2_humble/install/tf2_ros_py:/home/nyp-bot/ros2_humble/install/sros2:/home/nyp-bot/ros2_humble/install/rqt_topic:/home/nyp-bot/ros2_humble/install/rqt_srv:/home/nyp-bot/ros2_humble/install/rqt_shell:/home/nyp-bot/ros2_humble/install/rqt_service_caller:/home/nyp-bot/ros2_humble/install/rqt_reconfigure:/home/nyp-bot/ros2_humble/install/rqt_py_console:/home/nyp-bot/ros2_humble/install/rqt_publisher:/home/nyp-bot/ros2_humble/install/rqt_plot:/home/nyp-bot/ros2_humble/install/rqt_action:/home/nyp-bot/ros2_humble/install/rqt_msg:/home/nyp-bot/ros2_humble/install/rqt_console:/home/nyp-bot/ros2_humble/install/rqt_graph:/home/nyp-bot/ros2_humble/install/rqt_gui_py:/home/nyp-bot/ros2_humble/install/rqt_gui:/home/nyp-bot/ros2_humble/install/ros2trace:/home/nyp-bot/ros2_humble/install/ros2topic:/home/nyp-bot/ros2_humble/install/ros2test:/home/nyp-bot/ros2_humble/install/ros2component:/home/nyp-bot/ros2_humble/install/ros2param:/home/nyp-bot/ros2_humble/install/ros2lifecycle:/home/nyp-bot/ros2_humble/install/ros2service:/home/nyp-bot/ros2_humble/install/ros2run:/home/nyp-bot/ros2_humble/install/ros2plugin:/home/nyp-bot/ros2_humble/install/ros2launch:/home/nyp-bot/ros2_humble/install/ros2pkg:/home/nyp-bot/ros2_humble/install/ros2node:/home/nyp-bot/ros2_humble/install/ros2multicast:/home/nyp-bot/ros2_humble/install/ros2interface:/home/nyp-bot/ros2_humble/install/ros2doctor:/home/nyp-bot/ros2_humble/install/ros2action:/home/nyp-bot/ros2_humble/install/ros2cli:/home/nyp-bot/ros2_humble/install/quality_of_service_demo_py:/home/nyp-bot/ros2_humble/install/launch_testing_ros:/home/nyp-bot/ros2_humble/install/launch_ros:/home/nyp-bot/ros2_humble/install/examples_rclpy_pointcloud_publisher:/home/nyp-bot/ros2_humble/install/examples_rclpy_minimal_subscriber:/home/nyp-bot/ros2_humble/install/examples_rclpy_minimal_service:/home/nyp-bot/ros2_humble/install/examples_rclpy_minimal_publisher:/home/nyp-bot/ros2_humble/install/examples_rclpy_minimal_client:/home/nyp-bot/ros2_humble/install/examples_rclpy_minimal_action_server:/home/nyp-bot/ros2_humble/install/examples_rclpy_minimal_action_client:/home/nyp-bot/ros2_humble/install/examples_rclpy_guard_conditions:/home/nyp-bot/ros2_humble/install/examples_rclpy_executors:/home/nyp-bot/ros2_humble/install/demo_nodes_py:/home/nyp-bot/ros2_humble/install/camera_info_manager_py:/home/nyp-bot/ros2_humble/install/action_tutorials_py:/home/nyp-bot/ros2_humble/install/ament_uncrustify:/home/nyp-bot/ros2_humble/install/tracetools_trace:/home/nyp-bot/ros2_humble/install/tracetools_read:/home/nyp-bot/ros2_humble/install/sensor_msgs_py:/home/nyp-bot/ros2_humble/install/rpyutils:/home/nyp-bot/ros2_humble/install/rosidl_runtime_py:/home/nyp-bot/ros2_humble/install/rosidl_cli:/home/nyp-bot/ros2_humble/install/launch_pytest:/home/nyp-bot/ros2_humble/install/launch_testing:/home/nyp-bot/ros2_humble/install/launch_yaml:/home/nyp-bot/ros2_humble/install/launch_xml:/home/nyp-bot/ros2_humble/install/launch:/home/nyp-bot/ros2_humble/install/osrf_pycommon:/home/nyp-bot/ros2_humble/install/domain_coordinator:/home/nyp-bot/ros2_humble/install/ament_xmllint:/home/nyp-bot/ros2_humble/install/ament_pyflakes:/home/nyp-bot/ros2_humble/install/ament_pycodestyle:/home/nyp-bot/ros2_humble/install/ament_pep257:/home/nyp-bot/ros2_humble/install/ament_pclint:/home/nyp-bot/ros2_humble/install/ament_package:/home/nyp-bot/ros2_humble/install/ament_mypy:/home/nyp-bot/ros2_humble/install/ament_lint_cmake:/home/nyp-bot/ros2_humble/install/ament_flake8:/home/nyp-bot/ros2_humble/install/ament_copyright:/home/nyp-bot/ros2_humble/install/ament_lint:/home/nyp-bot/ros2_humble/install/ament_index_python:/home/nyp-bot/ros2_humble/install/ament_cpplint:/home/nyp-bot/ros2_humble/install/ament_cppcheck:/home/nyp-bot/ros2_humble/install/ament_clang_tidy:/home/nyp-bot/ros2_humble/install/ament_clang_format /usr/bin/cmake --build /home/nyp-bot/ydlidar_ros2_ws/src/build/ydlidar_ros2_driver -- -j4 -l4
[97.702s] DEBUG:colcon.colcon_core.event_handler.log_command:Invoked command in '/home/nyp-bot/ydlidar_ros2_ws/src/build/ydlidar_ros2_driver' returned '0': CMAKE_PREFIX_PATH=${CMAKE_PREFIX_PATH}:/opt/ros/humble:/home/nyp-bot/ros2_humble/install/tracetools_test:/home/nyp-bot/ros2_humble/install/tracetools_launch:/home/nyp-bot/ros2_humble/install/topic_monitor:/home/nyp-bot/ros2_humble/install/tf2_tools:/home/nyp-bot/ros2_humble/install/examples_tf2_py:/home/nyp-bot/ros2_humble/install/tf2_ros_py:/home/nyp-bot/ros2_humble/install/sros2:/home/nyp-bot/ros2_humble/install/rqt_topic:/home/nyp-bot/ros2_humble/install/rqt_srv:/home/nyp-bot/ros2_humble/install/rqt_shell:/home/nyp-bot/ros2_humble/install/rqt_service_caller:/home/nyp-bot/ros2_humble/install/rqt_reconfigure:/home/nyp-bot/ros2_humble/install/rqt_py_console:/home/nyp-bot/ros2_humble/install/rqt_publisher:/home/nyp-bot/ros2_humble/install/rqt_plot:/home/nyp-bot/ros2_humble/install/rqt_action:/home/nyp-bot/ros2_humble/install/rqt_msg:/home/nyp-bot/ros2_humble/install/rqt_console:/home/nyp-bot/ros2_humble/install/rqt_graph:/home/nyp-bot/ros2_humble/install/rqt_gui_py:/home/nyp-bot/ros2_humble/install/rqt_gui:/home/nyp-bot/ros2_humble/install/ros2trace:/home/nyp-bot/ros2_humble/install/ros2topic:/home/nyp-bot/ros2_humble/install/ros2test:/home/nyp-bot/ros2_humble/install/ros2component:/home/nyp-bot/ros2_humble/install/ros2param:/home/nyp-bot/ros2_humble/install/ros2lifecycle:/home/nyp-bot/ros2_humble/install/ros2service:/home/nyp-bot/ros2_humble/install/ros2run:/home/nyp-bot/ros2_humble/install/ros2plugin:/home/nyp-bot/ros2_humble/install/ros2launch:/home/nyp-bot/ros2_humble/install/ros2pkg:/home/nyp-bot/ros2_humble/install/ros2node:/home/nyp-bot/ros2_humble/install/ros2multicast:/home/nyp-bot/ros2_humble/install/ros2interface:/home/nyp-bot/ros2_humble/install/ros2doctor:/home/nyp-bot/ros2_humble/install/ros2action:/home/nyp-bot/ros2_humble/install/ros2cli:/home/nyp-bot/ros2_humble/install/quality_of_service_demo_py:/home/nyp-bot/ros2_humble/install/launch_testing_ros:/home/nyp-bot/ros2_humble/install/launch_ros:/home/nyp-bot/ros2_humble/install/examples_rclpy_pointcloud_publisher:/home/nyp-bot/ros2_humble/install/examples_rclpy_minimal_subscriber:/home/nyp-bot/ros2_humble/install/examples_rclpy_minimal_service:/home/nyp-bot/ros2_humble/install/examples_rclpy_minimal_publisher:/home/nyp-bot/ros2_humble/install/examples_rclpy_minimal_client:/home/nyp-bot/ros2_humble/install/examples_rclpy_minimal_action_server:/home/nyp-bot/ros2_humble/install/examples_rclpy_minimal_action_client:/home/nyp-bot/ros2_humble/install/examples_rclpy_guard_conditions:/home/nyp-bot/ros2_humble/install/examples_rclpy_executors:/home/nyp-bot/ros2_humble/install/demo_nodes_py:/home/nyp-bot/ros2_humble/install/camera_info_manager_py:/home/nyp-bot/ros2_humble/install/action_tutorials_py:/home/nyp-bot/ros2_humble/install/ament_uncrustify:/home/nyp-bot/ros2_humble/install/tracetools_trace:/home/nyp-bot/ros2_humble/install/tracetools_read:/home/nyp-bot/ros2_humble/install/sensor_msgs_py:/home/nyp-bot/ros2_humble/install/rpyutils:/home/nyp-bot/ros2_humble/install/rosidl_runtime_py:/home/nyp-bot/ros2_humble/install/rosidl_cli:/home/nyp-bot/ros2_humble/install/launch_pytest:/home/nyp-bot/ros2_humble/install/launch_testing:/home/nyp-bot/ros2_humble/install/launch_yaml:/home/nyp-bot/ros2_humble/install/launch_xml:/home/nyp-bot/ros2_humble/install/launch:/home/nyp-bot/ros2_humble/install/osrf_pycommon:/home/nyp-bot/ros2_humble/install/domain_coordinator:/home/nyp-bot/ros2_humble/install/ament_xmllint:/home/nyp-bot/ros2_humble/install/ament_pyflakes:/home/nyp-bot/ros2_humble/install/ament_pycodestyle:/home/nyp-bot/ros2_humble/install/ament_pep257:/home/nyp-bot/ros2_humble/install/ament_pclint:/home/nyp-bot/ros2_humble/install/ament_package:/home/nyp-bot/ros2_humble/install/ament_mypy:/home/nyp-bot/ros2_humble/install/ament_lint_cmake:/home/nyp-bot/ros2_humble/install/ament_flake8:/home/nyp-bot/ros2_humble/install/ament_copyright:/home/nyp-bot/ros2_humble/install/ament_lint:/home/nyp-bot/ros2_humble/install/ament_index_python:/home/nyp-bot/ros2_humble/install/ament_cpplint:/home/nyp-bot/ros2_humble/install/ament_cppcheck:/home/nyp-bot/ros2_humble/install/ament_clang_tidy:/home/nyp-bot/ros2_humble/install/ament_clang_format /usr/bin/cmake --build /home/nyp-bot/ydlidar_ros2_ws/src/build/ydlidar_ros2_driver -- -j4 -l4
[97.931s] DEBUG:colcon.colcon_core.event_handler.log_command:Invoking command in '/home/nyp-bot/ydlidar_ros2_ws/src/build/ydlidar_ros2_driver': CMAKE_PREFIX_PATH=${CMAKE_PREFIX_PATH}:/opt/ros/humble:/home/nyp-bot/ros2_humble/install/tracetools_test:/home/nyp-bot/ros2_humble/install/tracetools_launch:/home/nyp-bot/ros2_humble/install/topic_monitor:/home/nyp-bot/ros2_humble/install/tf2_tools:/home/nyp-bot/ros2_humble/install/examples_tf2_py:/home/nyp-bot/ros2_humble/install/tf2_ros_py:/home/nyp-bot/ros2_humble/install/sros2:/home/nyp-bot/ros2_humble/install/rqt_topic:/home/nyp-bot/ros2_humble/install/rqt_srv:/home/nyp-bot/ros2_humble/install/rqt_shell:/home/nyp-bot/ros2_humble/install/rqt_service_caller:/home/nyp-bot/ros2_humble/install/rqt_reconfigure:/home/nyp-bot/ros2_humble/install/rqt_py_console:/home/nyp-bot/ros2_humble/install/rqt_publisher:/home/nyp-bot/ros2_humble/install/rqt_plot:/home/nyp-bot/ros2_humble/install/rqt_action:/home/nyp-bot/ros2_humble/install/rqt_msg:/home/nyp-bot/ros2_humble/install/rqt_console:/home/nyp-bot/ros2_humble/install/rqt_graph:/home/nyp-bot/ros2_humble/install/rqt_gui_py:/home/nyp-bot/ros2_humble/install/rqt_gui:/home/nyp-bot/ros2_humble/install/ros2trace:/home/nyp-bot/ros2_humble/install/ros2topic:/home/nyp-bot/ros2_humble/install/ros2test:/home/nyp-bot/ros2_humble/install/ros2component:/home/nyp-bot/ros2_humble/install/ros2param:/home/nyp-bot/ros2_humble/install/ros2lifecycle:/home/nyp-bot/ros2_humble/install/ros2service:/home/nyp-bot/ros2_humble/install/ros2run:/home/nyp-bot/ros2_humble/install/ros2plugin:/home/nyp-bot/ros2_humble/install/ros2launch:/home/nyp-bot/ros2_humble/install/ros2pkg:/home/nyp-bot/ros2_humble/install/ros2node:/home/nyp-bot/ros2_humble/install/ros2multicast:/home/nyp-bot/ros2_humble/install/ros2interface:/home/nyp-bot/ros2_humble/install/ros2doctor:/home/nyp-bot/ros2_humble/install/ros2action:/home/nyp-bot/ros2_humble/install/ros2cli:/home/nyp-bot/ros2_humble/install/quality_of_service_demo_py:/home/nyp-bot/ros2_humble/install/launch_testing_ros:/home/nyp-bot/ros2_humble/install/launch_ros:/home/nyp-bot/ros2_humble/install/examples_rclpy_pointcloud_publisher:/home/nyp-bot/ros2_humble/install/examples_rclpy_minimal_subscriber:/home/nyp-bot/ros2_humble/install/examples_rclpy_minimal_service:/home/nyp-bot/ros2_humble/install/examples_rclpy_minimal_publisher:/home/nyp-bot/ros2_humble/install/examples_rclpy_minimal_client:/home/nyp-bot/ros2_humble/install/examples_rclpy_minimal_action_server:/home/nyp-bot/ros2_humble/install/examples_rclpy_minimal_action_client:/home/nyp-bot/ros2_humble/install/examples_rclpy_guard_conditions:/home/nyp-bot/ros2_humble/install/examples_rclpy_executors:/home/nyp-bot/ros2_humble/install/demo_nodes_py:/home/nyp-bot/ros2_humble/install/camera_info_manager_py:/home/nyp-bot/ros2_humble/install/action_tutorials_py:/home/nyp-bot/ros2_humble/install/ament_uncrustify:/home/nyp-bot/ros2_humble/install/tracetools_trace:/home/nyp-bot/ros2_humble/install/tracetools_read:/home/nyp-bot/ros2_humble/install/sensor_msgs_py:/home/nyp-bot/ros2_humble/install/rpyutils:/home/nyp-bot/ros2_humble/install/rosidl_runtime_py:/home/nyp-bot/ros2_humble/install/rosidl_cli:/home/nyp-bot/ros2_humble/install/launch_pytest:/home/nyp-bot/ros2_humble/install/launch_testing:/home/nyp-bot/ros2_humble/install/launch_yaml:/home/nyp-bot/ros2_humble/install/launch_xml:/home/nyp-bot/ros2_humble/install/launch:/home/nyp-bot/ros2_humble/install/osrf_pycommon:/home/nyp-bot/ros2_humble/install/domain_coordinator:/home/nyp-bot/ros2_humble/install/ament_xmllint:/home/nyp-bot/ros2_humble/install/ament_pyflakes:/home/nyp-bot/ros2_humble/install/ament_pycodestyle:/home/nyp-bot/ros2_humble/install/ament_pep257:/home/nyp-bot/ros2_humble/install/ament_pclint:/home/nyp-bot/ros2_humble/install/ament_package:/home/nyp-bot/ros2_humble/install/ament_mypy:/home/nyp-bot/ros2_humble/install/ament_lint_cmake:/home/nyp-bot/ros2_humble/install/ament_flake8:/home/nyp-bot/ros2_humble/install/ament_copyright:/home/nyp-bot/ros2_humble/install/ament_lint:/home/nyp-bot/ros2_humble/install/ament_index_python:/home/nyp-bot/ros2_humble/install/ament_cpplint:/home/nyp-bot/ros2_humble/install/ament_cppcheck:/home/nyp-bot/ros2_humble/install/ament_clang_tidy:/home/nyp-bot/ros2_humble/install/ament_clang_format /usr/bin/cmake --install /home/nyp-bot/ydlidar_ros2_ws/src/build/ydlidar_ros2_driver
[98.249s] Level 1:colcon.colcon_core.environment:create_environment_scripts_only(ydlidar_ros2_driver)
[98.255s] Level 1:colcon.colcon_core.environment:checking '/home/nyp-bot/ydlidar_ros2_ws/src/install/ydlidar_ros2_driver' for CMake module files
[98.257s] DEBUG:colcon.colcon_core.event_handler.log_command:Invoked command in '/home/nyp-bot/ydlidar_ros2_ws/src/build/ydlidar_ros2_driver' returned '0': CMAKE_PREFIX_PATH=${CMAKE_PREFIX_PATH}:/opt/ros/humble:/home/nyp-bot/ros2_humble/install/tracetools_test:/home/nyp-bot/ros2_humble/install/tracetools_launch:/home/nyp-bot/ros2_humble/install/topic_monitor:/home/nyp-bot/ros2_humble/install/tf2_tools:/home/nyp-bot/ros2_humble/install/examples_tf2_py:/home/nyp-bot/ros2_humble/install/tf2_ros_py:/home/nyp-bot/ros2_humble/install/sros2:/home/nyp-bot/ros2_humble/install/rqt_topic:/home/nyp-bot/ros2_humble/install/rqt_srv:/home/nyp-bot/ros2_humble/install/rqt_shell:/home/nyp-bot/ros2_humble/install/rqt_service_caller:/home/nyp-bot/ros2_humble/install/rqt_reconfigure:/home/nyp-bot/ros2_humble/install/rqt_py_console:/home/nyp-bot/ros2_humble/install/rqt_publisher:/home/nyp-bot/ros2_humble/install/rqt_plot:/home/nyp-bot/ros2_humble/install/rqt_action:/home/nyp-bot/ros2_humble/install/rqt_msg:/home/nyp-bot/ros2_humble/install/rqt_console:/home/nyp-bot/ros2_humble/install/rqt_graph:/home/nyp-bot/ros2_humble/install/rqt_gui_py:/home/nyp-bot/ros2_humble/install/rqt_gui:/home/nyp-bot/ros2_humble/install/ros2trace:/home/nyp-bot/ros2_humble/install/ros2topic:/home/nyp-bot/ros2_humble/install/ros2test:/home/nyp-bot/ros2_humble/install/ros2component:/home/nyp-bot/ros2_humble/install/ros2param:/home/nyp-bot/ros2_humble/install/ros2lifecycle:/home/nyp-bot/ros2_humble/install/ros2service:/home/nyp-bot/ros2_humble/install/ros2run:/home/nyp-bot/ros2_humble/install/ros2plugin:/home/nyp-bot/ros2_humble/install/ros2launch:/home/nyp-bot/ros2_humble/install/ros2pkg:/home/nyp-bot/ros2_humble/install/ros2node:/home/nyp-bot/ros2_humble/install/ros2multicast:/home/nyp-bot/ros2_humble/install/ros2interface:/home/nyp-bot/ros2_humble/install/ros2doctor:/home/nyp-bot/ros2_humble/install/ros2action:/home/nyp-bot/ros2_humble/install/ros2cli:/home/nyp-bot/ros2_humble/install/quality_of_service_demo_py:/home/nyp-bot/ros2_humble/install/launch_testing_ros:/home/nyp-bot/ros2_humble/install/launch_ros:/home/nyp-bot/ros2_humble/install/examples_rclpy_pointcloud_publisher:/home/nyp-bot/ros2_humble/install/examples_rclpy_minimal_subscriber:/home/nyp-bot/ros2_humble/install/examples_rclpy_minimal_service:/home/nyp-bot/ros2_humble/install/examples_rclpy_minimal_publisher:/home/nyp-bot/ros2_humble/install/examples_rclpy_minimal_client:/home/nyp-bot/ros2_humble/install/examples_rclpy_minimal_action_server:/home/nyp-bot/ros2_humble/install/examples_rclpy_minimal_action_client:/home/nyp-bot/ros2_humble/install/examples_rclpy_guard_conditions:/home/nyp-bot/ros2_humble/install/examples_rclpy_executors:/home/nyp-bot/ros2_humble/install/demo_nodes_py:/home/nyp-bot/ros2_humble/install/camera_info_manager_py:/home/nyp-bot/ros2_humble/install/action_tutorials_py:/home/nyp-bot/ros2_humble/install/ament_uncrustify:/home/nyp-bot/ros2_humble/install/tracetools_trace:/home/nyp-bot/ros2_humble/install/tracetools_read:/home/nyp-bot/ros2_humble/install/sensor_msgs_py:/home/nyp-bot/ros2_humble/install/rpyutils:/home/nyp-bot/ros2_humble/install/rosidl_runtime_py:/home/nyp-bot/ros2_humble/install/rosidl_cli:/home/nyp-bot/ros2_humble/install/launch_pytest:/home/nyp-bot/ros2_humble/install/launch_testing:/home/nyp-bot/ros2_humble/install/launch_yaml:/home/nyp-bot/ros2_humble/install/launch_xml:/home/nyp-bot/ros2_humble/install/launch:/home/nyp-bot/ros2_humble/install/osrf_pycommon:/home/nyp-bot/ros2_humble/install/domain_coordinator:/home/nyp-bot/ros2_humble/install/ament_xmllint:/home/nyp-bot/ros2_humble/install/ament_pyflakes:/home/nyp-bot/ros2_humble/install/ament_pycodestyle:/home/nyp-bot/ros2_humble/install/ament_pep257:/home/nyp-bot/ros2_humble/install/ament_pclint:/home/nyp-bot/ros2_humble/install/ament_package:/home/nyp-bot/ros2_humble/install/ament_mypy:/home/nyp-bot/ros2_humble/install/ament_lint_cmake:/home/nyp-bot/ros2_humble/install/ament_flake8:/home/nyp-bot/ros2_humble/install/ament_copyright:/home/nyp-bot/ros2_humble/install/ament_lint:/home/nyp-bot/ros2_humble/install/ament_index_python:/home/nyp-bot/ros2_humble/install/ament_cpplint:/home/nyp-bot/ros2_humble/install/ament_cppcheck:/home/nyp-bot/ros2_humble/install/ament_clang_tidy:/home/nyp-bot/ros2_humble/install/ament_clang_format /usr/bin/cmake --install /home/nyp-bot/ydlidar_ros2_ws/src/build/ydlidar_ros2_driver
[98.259s] Level 1:colcon.colcon_core.environment:checking '/home/nyp-bot/ydlidar_ros2_ws/src/install/ydlidar_ros2_driver' for CMake config files
[98.262s] Level 1:colcon.colcon_core.shell:create_environment_hook('ydlidar_ros2_driver', 'cmake_prefix_path')
[98.264s] INFO:colcon.colcon_core.shell:Creating environment hook '/home/nyp-bot/ydlidar_ros2_ws/src/install/ydlidar_ros2_driver/share/ydlidar_ros2_driver/hook/cmake_prefix_path.ps1'
[98.274s] INFO:colcon.colcon_core.shell:Creating environment descriptor '/home/nyp-bot/ydlidar_ros2_ws/src/install/ydlidar_ros2_driver/share/ydlidar_ros2_driver/hook/cmake_prefix_path.dsv'
[98.277s] INFO:colcon.colcon_core.shell:Creating environment hook '/home/nyp-bot/ydlidar_ros2_ws/src/install/ydlidar_ros2_driver/share/ydlidar_ros2_driver/hook/cmake_prefix_path.sh'
[98.282s] Level 1:colcon.colcon_core.environment:checking '/home/nyp-bot/ydlidar_ros2_ws/src/install/ydlidar_ros2_driver/lib'
[98.282s] Level 1:colcon.colcon_core.environment:checking '/home/nyp-bot/ydlidar_ros2_ws/src/install/ydlidar_ros2_driver/bin'
[98.283s] Level 1:colcon.colcon_core.environment:checking '/home/nyp-bot/ydlidar_ros2_ws/src/install/ydlidar_ros2_driver/lib/pkgconfig/ydlidar_ros2_driver.pc'
[98.284s] Level 1:colcon.colcon_core.environment:checking '/home/nyp-bot/ydlidar_ros2_ws/src/install/ydlidar_ros2_driver/lib/python3.10/site-packages'
[98.286s] Level 1:colcon.colcon_core.environment:checking '/home/nyp-bot/ydlidar_ros2_ws/src/install/ydlidar_ros2_driver/bin'
[98.288s] INFO:colcon.colcon_core.shell:Creating package script '/home/nyp-bot/ydlidar_ros2_ws/src/install/ydlidar_ros2_driver/share/ydlidar_ros2_driver/package.ps1'
[98.291s] INFO:colcon.colcon_core.shell:Creating package descriptor '/home/nyp-bot/ydlidar_ros2_ws/src/install/ydlidar_ros2_driver/share/ydlidar_ros2_driver/package.dsv'
[98.294s] INFO:colcon.colcon_core.shell:Creating package script '/home/nyp-bot/ydlidar_ros2_ws/src/install/ydlidar_ros2_driver/share/ydlidar_ros2_driver/package.sh'
[98.296s] INFO:colcon.colcon_core.shell:Creating package script '/home/nyp-bot/ydlidar_ros2_ws/src/install/ydlidar_ros2_driver/share/ydlidar_ros2_driver/package.bash'
[98.299s] INFO:colcon.colcon_core.shell:Creating package script '/home/nyp-bot/ydlidar_ros2_ws/src/install/ydlidar_ros2_driver/share/ydlidar_ros2_driver/package.zsh'
[98.302s] Level 1:colcon.colcon_core.environment:create_file_with_runtime_dependencies(/home/nyp-bot/ydlidar_ros2_ws/src/install/ydlidar_ros2_driver/share/colcon-core/packages/ydlidar_ros2_driver)
[98.305s] Level 1:colcon.colcon_core.environment:create_environment_scripts_only(ydlidar_ros2_driver)
[98.306s] Level 1:colcon.colcon_core.environment:checking '/home/nyp-bot/ydlidar_ros2_ws/src/install/ydlidar_ros2_driver' for CMake module files
[98.309s] Level 1:colcon.colcon_core.environment:checking '/home/nyp-bot/ydlidar_ros2_ws/src/install/ydlidar_ros2_driver' for CMake config files
[98.312s] Level 1:colcon.colcon_core.shell:create_environment_hook('ydlidar_ros2_driver', 'cmake_prefix_path')
[98.313s] INFO:colcon.colcon_core.shell:Creating environment hook '/home/nyp-bot/ydlidar_ros2_ws/src/install/ydlidar_ros2_driver/share/ydlidar_ros2_driver/hook/cmake_prefix_path.ps1'
[98.315s] INFO:colcon.colcon_core.shell:Creating environment descriptor '/home/nyp-bot/ydlidar_ros2_ws/src/install/ydlidar_ros2_driver/share/ydlidar_ros2_driver/hook/cmake_prefix_path.dsv'
[98.317s] INFO:colcon.colcon_core.shell:Creating environment hook '/home/nyp-bot/ydlidar_ros2_ws/src/install/ydlidar_ros2_driver/share/ydlidar_ros2_driver/hook/cmake_prefix_path.sh'
[98.320s] Level 1:colcon.colcon_core.environment:checking '/home/nyp-bot/ydlidar_ros2_ws/src/install/ydlidar_ros2_driver/lib'
[98.320s] Level 1:colcon.colcon_core.environment:checking '/home/nyp-bot/ydlidar_ros2_ws/src/install/ydlidar_ros2_driver/bin'
[98.321s] Level 1:colcon.colcon_core.environment:checking '/home/nyp-bot/ydlidar_ros2_ws/src/install/ydlidar_ros2_driver/lib/pkgconfig/ydlidar_ros2_driver.pc'
[98.322s] Level 1:colcon.colcon_core.environment:checking '/home/nyp-bot/ydlidar_ros2_ws/src/install/ydlidar_ros2_driver/lib/python3.10/site-packages'
[98.323s] Level 1:colcon.colcon_core.environment:checking '/home/nyp-bot/ydlidar_ros2_ws/src/install/ydlidar_ros2_driver/bin'
[98.324s] INFO:colcon.colcon_core.shell:Creating package script '/home/nyp-bot/ydlidar_ros2_ws/src/install/ydlidar_ros2_driver/share/ydlidar_ros2_driver/package.ps1'
[98.327s] INFO:colcon.colcon_core.shell:Creating package descriptor '/home/nyp-bot/ydlidar_ros2_ws/src/install/ydlidar_ros2_driver/share/ydlidar_ros2_driver/package.dsv'
[98.329s] INFO:colcon.colcon_core.shell:Creating package script '/home/nyp-bot/ydlidar_ros2_ws/src/install/ydlidar_ros2_driver/share/ydlidar_ros2_driver/package.sh'
[98.331s] INFO:colcon.colcon_core.shell:Creating package script '/home/nyp-bot/ydlidar_ros2_ws/src/install/ydlidar_ros2_driver/share/ydlidar_ros2_driver/package.bash'
[98.334s] INFO:colcon.colcon_core.shell:Creating package script '/home/nyp-bot/ydlidar_ros2_ws/src/install/ydlidar_ros2_driver/share/ydlidar_ros2_driver/package.zsh'
[98.336s] Level 1:colcon.colcon_core.environment:create_file_with_runtime_dependencies(/home/nyp-bot/ydlidar_ros2_ws/src/install/ydlidar_ros2_driver/share/colcon-core/packages/ydlidar_ros2_driver)
[98.338s] DEBUG:colcon.colcon_parallel_executor.executor.parallel:closing loop
[98.341s] DEBUG:colcon.colcon_parallel_executor.executor.parallel:loop closed
[98.342s] DEBUG:colcon.colcon_parallel_executor.executor.parallel:run_until_complete finished with '0'
[98.342s] DEBUG:colcon.colcon_core.event_reactor:joining thread
[98.748s] INFO:colcon.colcon_core.plugin_system:Skipping extension 'colcon_notification.desktop_notification.terminal_notifier': Not used on non-Darwin systems
[98.749s] INFO:colcon.colcon_core.plugin_system:Skipping extension 'colcon_notification.desktop_notification.win32': Not used on non-Windows systems
[98.749s] INFO:colcon.colcon_notification.desktop_notification:Sending desktop notification using 'notify2'
[98.847s] DEBUG:colcon.colcon_core.event_reactor:joined thread
[98.849s] INFO:colcon.colcon_core.shell:Creating prefix script '/home/nyp-bot/ydlidar_ros2_ws/src/install/local_setup.ps1'
[98.855s] INFO:colcon.colcon_core.shell:Creating prefix util module '/home/nyp-bot/ydlidar_ros2_ws/src/install/_local_setup_util_ps1.py'
[98.862s] INFO:colcon.colcon_core.shell:Creating prefix chain script '/home/nyp-bot/ydlidar_ros2_ws/src/install/setup.ps1'
[98.972s] INFO:colcon.colcon_core.shell:Creating prefix script '/home/nyp-bot/ydlidar_ros2_ws/src/install/local_setup.sh'
[98.975s] INFO:colcon.colcon_core.shell:Creating prefix util module '/home/nyp-bot/ydlidar_ros2_ws/src/install/_local_setup_util_sh.py'
[98.978s] INFO:colcon.colcon_core.shell:Creating prefix chain script '/home/nyp-bot/ydlidar_ros2_ws/src/install/setup.sh'
[99.074s] INFO:colcon.colcon_core.shell:Creating prefix script '/home/nyp-bot/ydlidar_ros2_ws/src/install/local_setup.bash'
[99.077s] INFO:colcon.colcon_core.shell:Creating prefix chain script '/home/nyp-bot/ydlidar_ros2_ws/src/install/setup.bash'
[99.168s] INFO:colcon.colcon_core.shell:Creating prefix script '/home/nyp-bot/ydlidar_ros2_ws/src/install/local_setup.zsh'
[99.171s] INFO:colcon.colcon_core.shell:Creating prefix chain script '/home/nyp-bot/ydlidar_ros2_ws/src/install/setup.zsh'
