[0.048s] Invoking command in '/home/nyp-bot/ydlidar_ros2_ws/build/ydlidar_ros2_driver': /usr/bin/cmake /home/nyp-bot/ydlidar_ros2_ws/src/ydlidar_ros2_driver -DAMENT_CMAKE_SYMLINK_INSTALL=1 -DCMAKE_INSTALL_PREFIX=/home/nyp-bot/ydlidar_ros2_ws/install/ydlidar_ros2_driver
[1.125s] -- The C compiler identification is GNU 11.4.0
[1.866s] -- The CXX compiler identification is GNU 11.4.0
[1.910s] -- Detecting C compiler ABI info
[2.285s] -- Detecting C compiler ABI info - done
[2.313s] -- Check for working C compiler: /usr/bin/cc - skipped
[2.317s] -- Detecting C compile features
[2.320s] -- Detecting C compile features - done
[2.337s] -- Detecting CXX compiler ABI info
[2.713s] -- Detecting CXX compiler ABI info - done
[2.742s] -- Check for working CXX compiler: /usr/bin/c++ - skipped
[2.743s] -- Detecting CXX compile features
[2.745s] -- Detecting CXX compile features - done
[2.891s] [31mCMake Error at CMakeLists.txt:15 (find_package):
[2.892s]   By not providing "Findament_cmake.cmake" in CMAKE_MODULE_PATH this project
[2.892s]   has asked CMake to find a package configuration file provided by
[2.892s]   "ament_cmake", but CMake did not find one.
[2.893s] 
[2.893s]   Could not find a package configuration file provided by "ament_cmake" with
[2.894s]   any of the following names:
[2.894s] 
[2.895s]     ament_cmakeConfig.cmake
[2.895s]     ament_cmake-config.cmake
[2.896s] 
[2.896s]   Add the installation prefix of "ament_cmake" to CMAKE_PREFIX_PATH or set
[2.896s]   "ament_cmake_DIR" to a directory containing one of the above files.  If
[2.897s]   "ament_cmake" provides a separate development package or SDK, be sure it
[2.897s]   has been installed.
[2.898s] 
[2.898s] [0m
[2.898s] -- Configuring incomplete, errors occurred!
[2.899s] See also "/home/nyp-bot/ydlidar_ros2_ws/build/ydlidar_ros2_driver/CMakeFiles/CMakeOutput.log".
[2.903s] Invoked command in '/home/nyp-bot/ydlidar_ros2_ws/build/ydlidar_ros2_driver' returned '1': /usr/bin/cmake /home/nyp-bot/ydlidar_ros2_ws/src/ydlidar_ros2_driver -DAMENT_CMAKE_SYMLINK_INSTALL=1 -DCMAKE_INSTALL_PREFIX=/home/nyp-bot/ydlidar_ros2_ws/install/ydlidar_ros2_driver
