[10.860s] Invoking command in '/home/nyp-bot/ydlidar_ros2_ws/src/teleop_twist_keyboard': PYTHONPATH=/home/nyp-bot/ydlidar_ros2_ws/src/build/teleop_twist_keyboard/prefix_override:/usr/lib/python3/dist-packages/colcon_core/task/python/colcon_distutils_commands:/home/nyp-bot/ydlidar_ros2_ws/src/install/teleop_twist_keyboard/lib/python3.10/site-packages:${PYTHONPATH} /usr/bin/python3 -W ignore:setup.py install is deprecated -W ignore:easy_install command is deprecated setup.py egg_info --egg-base ../build/teleop_twist_keyboard build --build-base /home/nyp-bot/ydlidar_ros2_ws/src/build/teleop_twist_keyboard/build install --record /home/nyp-bot/ydlidar_ros2_ws/src/build/teleop_twist_keyboard/install.log --single-version-externally-managed install_data
[13.991s] running egg_info
[13.994s] creating ../build/teleop_twist_keyboard/teleop_twist_keyboard.egg-info
[13.995s] writing ../build/teleop_twist_keyboard/teleop_twist_keyboard.egg-info/PKG-INFO
[13.996s] writing dependency_links to ../build/teleop_twist_keyboard/teleop_twist_keyboard.egg-info/dependency_links.txt
[13.997s] writing entry points to ../build/teleop_twist_keyboard/teleop_twist_keyboard.egg-info/entry_points.txt
[13.998s] writing requirements to ../build/teleop_twist_keyboard/teleop_twist_keyboard.egg-info/requires.txt
[14.000s] writing top-level names to ../build/teleop_twist_keyboard/teleop_twist_keyboard.egg-info/top_level.txt
[14.004s] writing manifest file '../build/teleop_twist_keyboard/teleop_twist_keyboard.egg-info/SOURCES.txt'
[14.008s] reading manifest file '../build/teleop_twist_keyboard/teleop_twist_keyboard.egg-info/SOURCES.txt'
[14.009s] adding license file 'LICENSE'
[14.012s] writing manifest file '../build/teleop_twist_keyboard/teleop_twist_keyboard.egg-info/SOURCES.txt'
[14.013s] running build
[14.014s] running build_py
[14.014s] creating /home/nyp-bot/ydlidar_ros2_ws/src/build/teleop_twist_keyboard/build
[14.015s] creating /home/nyp-bot/ydlidar_ros2_ws/src/build/teleop_twist_keyboard/build/lib
[14.016s] copying teleop_twist_keyboard.py -> /home/nyp-bot/ydlidar_ros2_ws/src/build/teleop_twist_keyboard/build/lib
[14.016s] running install
[14.016s] running install_lib
[14.019s] copying /home/nyp-bot/ydlidar_ros2_ws/src/build/teleop_twist_keyboard/build/lib/teleop_twist_keyboard.py -> /home/nyp-bot/ydlidar_ros2_ws/src/install/teleop_twist_keyboard/lib/python3.10/site-packages
[14.034s] byte-compiling /home/nyp-bot/ydlidar_ros2_ws/src/install/teleop_twist_keyboard/lib/python3.10/site-packages/teleop_twist_keyboard.py to teleop_twist_keyboard.cpython-310.pyc
[14.040s] running install_data
[14.041s] creating /home/nyp-bot/ydlidar_ros2_ws/src/install/teleop_twist_keyboard/share/ament_index
[14.041s] creating /home/nyp-bot/ydlidar_ros2_ws/src/install/teleop_twist_keyboard/share/ament_index/resource_index
[14.042s] creating /home/nyp-bot/ydlidar_ros2_ws/src/install/teleop_twist_keyboard/share/ament_index/resource_index/packages
[14.043s] copying resource/teleop_twist_keyboard -> /home/nyp-bot/ydlidar_ros2_ws/src/install/teleop_twist_keyboard/share/ament_index/resource_index/packages
[14.044s] copying package.xml -> /home/nyp-bot/ydlidar_ros2_ws/src/install/teleop_twist_keyboard/share/teleop_twist_keyboard
[14.044s] running install_egg_info
[14.068s] Copying ../build/teleop_twist_keyboard/teleop_twist_keyboard.egg-info to /home/nyp-bot/ydlidar_ros2_ws/src/install/teleop_twist_keyboard/lib/python3.10/site-packages/teleop_twist_keyboard-2.4.1-py3.10.egg-info
[14.074s] running install_scripts
[14.315s] Installing teleop_twist_keyboard script to /home/nyp-bot/ydlidar_ros2_ws/src/install/teleop_twist_keyboard/lib/teleop_twist_keyboard
[14.317s] writing list of installed files to '/home/nyp-bot/ydlidar_ros2_ws/src/build/teleop_twist_keyboard/install.log'
[14.563s] Invoked command in '/home/nyp-bot/ydlidar_ros2_ws/src/teleop_twist_keyboard' returned '0': PYTHONPATH=/home/nyp-bot/ydlidar_ros2_ws/src/build/teleop_twist_keyboard/prefix_override:/usr/lib/python3/dist-packages/colcon_core/task/python/colcon_distutils_commands:/home/nyp-bot/ydlidar_ros2_ws/src/install/teleop_twist_keyboard/lib/python3.10/site-packages:${PYTHONPATH} /usr/bin/python3 -W ignore:setup.py install is deprecated -W ignore:easy_install command is deprecated setup.py egg_info --egg-base ../build/teleop_twist_keyboard build --build-base /home/nyp-bot/ydlidar_ros2_ws/src/build/teleop_twist_keyboard/build install --record /home/nyp-bot/ydlidar_ros2_ws/src/build/teleop_twist_keyboard/install.log --single-version-externally-managed install_data
