[11.008s] Invoking command in '/home/nyp-bot/ydlidar_ros2_ws/src/teleop_twist_keyboard': PYTHONPATH=/home/nyp-bot/ydlidar_ros2_ws/build/teleop_twist_keyboard/prefix_override:/usr/lib/python3/dist-packages/colcon_core/task/python/colcon_distutils_commands:/home/nyp-bot/ydlidar_ros2_ws/install/teleop_twist_keyboard/lib/python3.10/site-packages:${PYTHONPATH} /usr/bin/python3 -W ignore:setup.py install is deprecated -W ignore:easy_install command is deprecated setup.py egg_info --egg-base ../../build/teleop_twist_keyboard build --build-base /home/nyp-bot/ydlidar_ros2_ws/build/teleop_twist_keyboard/build install --record /home/nyp-bot/ydlidar_ros2_ws/build/teleop_twist_keyboard/install.log --single-version-externally-managed install_data
[13.977s] running egg_info
[13.980s] writing ../../build/teleop_twist_keyboard/teleop_twist_keyboard.egg-info/PKG-INFO
[13.986s] writing dependency_links to ../../build/teleop_twist_keyboard/teleop_twist_keyboard.egg-info/dependency_links.txt
[13.989s] writing entry points to ../../build/teleop_twist_keyboard/teleop_twist_keyboard.egg-info/entry_points.txt
[13.990s] writing requirements to ../../build/teleop_twist_keyboard/teleop_twist_keyboard.egg-info/requires.txt
[13.991s] writing top-level names to ../../build/teleop_twist_keyboard/teleop_twist_keyboard.egg-info/top_level.txt
[13.997s] reading manifest file '../../build/teleop_twist_keyboard/teleop_twist_keyboard.egg-info/SOURCES.txt'
[14.000s] adding license file 'LICENSE'
[14.003s] writing manifest file '../../build/teleop_twist_keyboard/teleop_twist_keyboard.egg-info/SOURCES.txt'
[14.003s] running build
[14.004s] running build_py
[14.005s] running install
[14.006s] running install_lib
[14.024s] running install_data
[14.026s] running install_egg_info
[14.047s] removing '/home/nyp-bot/ydlidar_ros2_ws/install/teleop_twist_keyboard/lib/python3.10/site-packages/teleop_twist_keyboard-2.4.1-py3.10.egg-info' (and everything under it)
[14.048s] Copying ../../build/teleop_twist_keyboard/teleop_twist_keyboard.egg-info to /home/nyp-bot/ydlidar_ros2_ws/install/teleop_twist_keyboard/lib/python3.10/site-packages/teleop_twist_keyboard-2.4.1-py3.10.egg-info
[14.063s] running install_scripts
[14.296s] Installing teleop_twist_keyboard script to /home/nyp-bot/ydlidar_ros2_ws/install/teleop_twist_keyboard/lib/teleop_twist_keyboard
[14.300s] writing list of installed files to '/home/nyp-bot/ydlidar_ros2_ws/build/teleop_twist_keyboard/install.log'
[14.506s] Invoked command in '/home/nyp-bot/ydlidar_ros2_ws/src/teleop_twist_keyboard' returned '0': PYTHONPATH=/home/nyp-bot/ydlidar_ros2_ws/build/teleop_twist_keyboard/prefix_override:/usr/lib/python3/dist-packages/colcon_core/task/python/colcon_distutils_commands:/home/nyp-bot/ydlidar_ros2_ws/install/teleop_twist_keyboard/lib/python3.10/site-packages:${PYTHONPATH} /usr/bin/python3 -W ignore:setup.py install is deprecated -W ignore:easy_install command is deprecated setup.py egg_info --egg-base ../../build/teleop_twist_keyboard build --build-base /home/nyp-bot/ydlidar_ros2_ws/build/teleop_twist_keyboard/build install --record /home/nyp-bot/ydlidar_ros2_ws/build/teleop_twist_keyboard/install.log --single-version-externally-managed install_data
